=== Modo simulación, escenario SIM_5D (pedidos base: juego_de_datos\ventas.v20260909-20260928T011657Z-1-001\ventas.v20260909\ventas.202609.txt) ===
Sa = 60 min, Ta = 2000 ms, horizonte = 7200 min; bloqueos: juego_de_datos\bloqueos.v20260909-20260928T011612Z-1-001\bloqueos.v20260909\bloqueo.2609.txt (558); almacenes intermedios: sí; averías: no; parciales: urgentes; alimentación: sí; AG con búsqueda local: sí

=== Capacidad teórica diaria de la flota ===
  d̄ (ida y vuelta) = 68.13 km; T = 21 h; horas de entrega = 1.0
  Tipo       n   q  v(km/h)  q̄_k   e_k   t_k(h)  viajes/día  paquetes/día
  AUTO      10  24    40.0   5.50  4.36    6.07           3           720
  MOTO      15   8    25.0   4.53  1.77    4.49           4           480
  BICICLETA 12   4    12.0   2.47  1.62    7.30           2            96
  C_max propio = 1296 paquetes/día | hoja auxiliar = 1536 | se usa: propio

=== Niveles de carga (30 días; archivos en C:\Users\MARIA GRACIA\Downloads\JL\DP1\PaqRap\PaqRap\juego_de_datos\ventas.v20260909-20260928T011657Z-1-001\ventas.v20260909\generados) ===
Situaciones: ventanas reales de 5 días de los meses 202609 a 202702 (la misma para TABU y AG)
  BAJA   meses [202609, 202610]: 40 ventanas (paso 1 días, semilla 2027); carga media 78% de C_max
  AVISO: el nivel MEDIA tiene solo 35 ventanas (se pidieron 40); se usan todas. Para más, use --paso-ventana 1 o amplíe los meses.
  MEDIA  meses [202611, 202612]: 35 ventanas (paso 1 días, semilla 2028); carga media 98% de C_max
  AVISO: el nivel ALTA tiene solo 28 ventanas (se pidieron 40); se usan todas. Para más, use --paso-ventana 1 o amplíe los meses.
  ALTA   meses [202701, 202702]: 28 ventanas (paso 1 días, semilla 2029); carga media 115% de C_max

Hashes de entrada guardados en C:\Users\MARIA GRACIA\Downloads\JL\DP1\PaqRap\PaqRap\Resultados\corrida3_semilla3000\experimento_oficial_SIM_5D_hashes.txt

=== Ejecutando 206 corridas ===
  [  1/206] MEDIA AG   rep=34  CENSURADA en 16d00h00m (120.0 h desde el inicio)  causa=-  costo=183758  en plazo=100.0%  replan=119 (+0 por evento)  bloqueos=0  (293 s)
  [  2/206] BAJA  AG   rep=40  CENSURADA en 25d00h00m (120.0 h desde el inicio)  causa=-  costo=119769  en plazo=100.0%  replan=119 (+0 por evento)  bloqueos=0  (254 s)
  [  3/206] MEDIA AG   rep=22  colapso 11d21h04m (69.1 h desde el inicio)  causa=llegada tardía (planificada)  costo=80615  en plazo=99.8%  replan=69 (+0 por evento)  bloqueos=0  (156 s)
  [  4/206] MEDIA AG   rep=6  colapso 07d20h35m (116.6 h desde el inicio)  causa=llegada tardía (a bordo)  costo=175472  en plazo=99.9%  replan=116 (+0 por evento)  bloqueos=0  (268 s)
  [  5/206] MEDIA AG   rep=17  colapso 19d05h43m (101.7 h desde el inicio)  causa=llegada tardía (planificada)  costo=132039  en plazo=99.9%  replan=101 (+0 por evento)  bloqueos=0  (218 s)
  [  6/206] ALTA  AG   rep=4  colapso 07d05h21m (53.4 h desde el inicio)  causa=llegada tardía (a bordo)  costo=77831  en plazo=99.8%  replan=54 (+0 por evento)  bloqueos=0  (140 s)
  [  7/206] ALTA  TABU rep=7  colapso 15d15h05m (111.1 h desde el inicio)  causa=destino bloqueado  costo=168168  en plazo=99.9%  replan=111 (+0 por evento)  bloqueos=0  (282 s)
  [  8/206] ALTA  AG   rep=24  colapso 11d04h59m (77.0 h desde el inicio)  causa=llegada tardía (planificada)  costo=110512  en plazo=99.9%  replan=76 (+0 por evento)  bloqueos=0  (215 s)
  [  9/206] BAJA  TABU rep=26  colapso 21d05h55m (5.9 h desde el inicio)  causa=destino bloqueado  costo=2715  en plazo=94.1%  replan=5 (+0 por evento)  bloqueos=0  (10 s)
  [ 10/206] MEDIA TABU rep=29  CENSURADA en 18d00h00m (120.0 h desde el inicio)  causa=-  costo=174493  en plazo=100.0%  replan=120 (+0 por evento)  bloqueos=0  (269 s)
  [ 11/206] BAJA  AG   rep=28  CENSURADA en 06d00h00m (120.0 h desde el inicio)  causa=-  costo=109983  en plazo=100.0%  replan=119 (+0 por evento)  bloqueos=0  (253 s)
  [ 12/206] ALTA  TABU rep=21  colapso 14d22h50m (70.8 h desde el inicio)  causa=llegada tardía (planificada)  costo=104269  en plazo=99.8%  replan=70 (+0 por evento)  bloqueos=0  (165 s)
  [ 13/206] ALTA  TABU rep=11  colapso 14d20h16m (44.3 h desde el inicio)  causa=llegada tardía (a bordo)  costo=58037  en plazo=99.7%  replan=45 (+0 por evento)  bloqueos=0  (103 s)
  [ 14/206] BAJA  TABU rep=21  CENSURADA en 16d00h00m (120.0 h desde el inicio)  causa=-  costo=125553  en plazo=100.0%  replan=119 (+0 por evento)  bloqueos=0  (252 s)
  [ 15/206] BAJA  TABU rep=24  colapso 18d17h22m (65.4 h desde el inicio)  causa=destino bloqueado  costo=73115  en plazo=99.8%  replan=65 (+0 por evento)  bloqueos=0  (140 s)
  [ 16/206] MEDIA TABU rep=25  CENSURADA en 21d00h00m (120.0 h desde el inicio)  causa=-  costo=186737  en plazo=100.0%  replan=119 (+0 por evento)  bloqueos=0  (285 s)
  [ 17/206] MEDIA AG   rep=12  CENSURADA en 06d00h00m (120.0 h desde el inicio)  causa=-  costo=148617  en plazo=100.0%  replan=119 (+0 por evento)  bloqueos=0  (257 s)
  [ 18/206] BAJA  AG   rep=10  colapso 07d20h03m (116.1 h desde el inicio)  causa=llegada tardía (planificada)  costo=106426  en plazo=99.9%  replan=116 (+0 por evento)  bloqueos=0  (246 s)
  [ 19/206] MEDIA AG   rep=3  colapso 19d05h43m (77.7 h desde el inicio)  causa=llegada tardía (a bordo)  costo=87795  en plazo=99.8%  replan=77 (+0 por evento)  bloqueos=0  (162 s)
  [ 20/206] MEDIA TABU rep=23  CENSURADA en 08d00h00m (120.0 h desde el inicio)  causa=-  costo=151010  en plazo=100.0%  replan=119 (+0 por evento)  bloqueos=0  (260 s)
  [ 21/206] ALTA  TABU rep=12  colapso 03d03h22m (27.4 h desde el inicio)  causa=destino bloqueado  costo=28411  en plazo=99.5%  replan=28 (+0 por evento)  bloqueos=0  (59 s)
  [ 22/206] MEDIA TABU rep=12  CENSURADA en 06d00h00m (120.0 h desde el inicio)  causa=-  costo=154927  en plazo=100.0%  replan=119 (+0 por evento)  bloqueos=0  (258 s)
  [ 23/206] ALTA  TABU rep=14  colapso 03d03h22m (51.4 h desde el inicio)  causa=destino bloqueado  costo=72530  en plazo=99.8%  replan=51 (+0 por evento)  bloqueos=0  (110 s)
  [ 24/206] MEDIA AG   rep=35  CENSURADA en 20d00h00m (120.0 h desde el inicio)  causa=-  costo=184185  en plazo=100.0%  replan=119 (+0 por evento)  bloqueos=0  (295 s)
  [ 25/206] BAJA  TABU rep=37  CENSURADA en 20d00h00m (120.0 h desde el inicio)  causa=-  costo=129869  en plazo=100.0%  replan=119 (+0 por evento)  bloqueos=0  (262 s)
  [ 26/206] BAJA  TABU rep=16  CENSURADA en 15d00h00m (120.0 h desde el inicio)  causa=-  costo=146732  en plazo=100.0%  replan=119 (+0 por evento)  bloqueos=0  (266 s)
  [ 27/206] ALTA  AG   rep=18  colapso 11d22h15m (94.3 h desde el inicio)  causa=llegada tardía (a bordo)  costo=156997  en plazo=99.9%  replan=95 (+0 por evento)  bloqueos=0  (248 s)
  [ 28/206] MEDIA TABU rep=19  CENSURADA en 10d00h00m (120.0 h desde el inicio)  causa=-  costo=175227  en plazo=100.0%  replan=119 (+0 por evento)  bloqueos=0  (268 s)
  [ 29/206] MEDIA AG   rep=8  CENSURADA en 09d00h00m (120.0 h desde el inicio)  causa=-  costo=152203  en plazo=100.0%  replan=119 (+0 por evento)  bloqueos=0  (265 s)
  [ 30/206] BAJA  TABU rep=20  CENSURADA en 25d00h00m (120.0 h desde el inicio)  causa=-  costo=126367  en plazo=100.0%  replan=119 (+0 por evento)  bloqueos=0  (264 s)
  [ 31/206] MEDIA AG   rep=31  colapso 07d12h15m (84.3 h desde el inicio)  causa=llegada tardía (planificada)  costo=111397  en plazo=99.9%  replan=84 (+0 por evento)  bloqueos=0  (188 s)
  [ 32/206] MEDIA TABU rep=30  colapso 17d20h08m (116.1 h desde el inicio)  causa=llegada tardía (planificada)  costo=180216  en plazo=99.9%  replan=117 (+0 por evento)  bloqueos=0  (277 s)
  [ 33/206] ALTA  AG   rep=13  colapso 11d04h23m (100.4 h desde el inicio)  causa=llegada tardía (planificada)  costo=147937  en plazo=99.9%  replan=100 (+0 por evento)  bloqueos=0  (271 s)
  [ 34/206] ALTA  TABU rep=10  CENSURADA en 19d00h00m (120.0 h desde el inicio)  causa=-  costo=185475  en plazo=100.0%  replan=119 (+0 por evento)  bloqueos=0  (285 s)
  [ 35/206] BAJA  AG   rep=37  CENSURADA en 20d00h00m (120.0 h desde el inicio)  causa=-  costo=127290  en plazo=100.0%  replan=119 (+0 por evento)  bloqueos=0  (263 s)
  [ 36/206] MEDIA TABU rep=34  colapso 13d11h53m (59.9 h desde el inicio)  causa=llegada tardía (a bordo)  costo=76290  en plazo=99.8%  replan=59 (+0 por evento)  bloqueos=0  (140 s)
  [ 37/206] BAJA  TABU rep=2  CENSURADA en 22d00h00m (120.0 h desde el inicio)  causa=-  costo=127646  en plazo=100.0%  replan=119 (+0 por evento)  bloqueos=0  (260 s)
  [ 38/206] MEDIA AG   rep=27  colapso 14d06h05m (102.1 h desde el inicio)  causa=llegada tardía (planificada)  costo=135413  en plazo=99.9%  replan=102 (+0 por evento)  bloqueos=0  (232 s)
  [ 39/206] BAJA  AG   rep=21  CENSURADA en 16d00h00m (120.0 h desde el inicio)  causa=-  costo=120910  en plazo=100.0%  replan=119 (+0 por evento)  bloqueos=0  (250 s)
  [ 40/206] MEDIA TABU rep=17  colapso 19d16h01m (112.0 h desde el inicio)  causa=llegada tardía (planificada)  costo=148720  en plazo=99.9%  replan=112 (+0 por evento)  bloqueos=0  (245 s)
  [ 41/206] BAJA  AG   rep=13  colapso 06d06h22m (54.4 h desde el inicio)  causa=destino bloqueado  costo=56283  en plazo=99.7%  replan=54 (+0 por evento)  bloqueos=0  (117 s)
  [ 42/206] BAJA  AG   rep=27  CENSURADA en 15d00h00m (120.0 h desde el inicio)  causa=-  costo=119868  en plazo=100.0%  replan=119 (+0 por evento)  bloqueos=0  (249 s)
  [ 43/206] MEDIA AG   rep=4  CENSURADA en 13d00h00m (120.0 h desde el inicio)  causa=-  costo=153894  en plazo=100.0%  replan=119 (+0 por evento)  bloqueos=0  (268 s)
  [ 44/206] MEDIA AG   rep=14  colapso 20d15h51m (87.9 h desde el inicio)  causa=destino bloqueado  costo=108143  en plazo=99.9%  replan=87 (+0 por evento)  bloqueos=0  (189 s)
  [ 45/206] BAJA  AG   rep=29  CENSURADA en 09d00h00m (120.0 h desde el inicio)  causa=-  costo=109607  en plazo=100.0%  replan=119 (+0 por evento)  bloqueos=0  (255 s)
  [ 46/206] BAJA  TABU rep=40  CENSURADA en 25d00h00m (120.0 h desde el inicio)  causa=-  costo=128178  en plazo=100.0%  replan=119 (+0 por evento)  bloqueos=0  (252 s)
  [ 47/206] ALTA  AG   rep=23  colapso 05d16h37m (40.6 h desde el inicio)  causa=llegada tardía (a bordo)  costo=50065  en plazo=99.7%  replan=40 (+0 por evento)  bloqueos=0  (87 s)
  [ 48/206] ALTA  AG   rep=28  colapso 07d01h41m (73.7 h desde el inicio)  causa=llegada tardía (a bordo)  costo=118683  en plazo=99.9%  replan=73 (+0 por evento)  bloqueos=0  (190 s)
  [ 49/206] BAJA  TABU rep=15  CENSURADA en 10d00h00m (120.0 h desde el inicio)  causa=-  costo=118667  en plazo=100.0%  replan=119 (+0 por evento)  bloqueos=0  (256 s)
  [ 50/206] MEDIA TABU rep=9  CENSURADA en 07d00h00m (120.0 h desde el inicio)  causa=-  costo=155325  en plazo=100.0%  replan=119 (+0 por evento)  bloqueos=0  (262 s)
  [ 51/206] BAJA  TABU rep=35  CENSURADA en 12d00h00m (120.0 h desde el inicio)  causa=-  costo=140122  en plazo=100.0%  replan=119 (+0 por evento)  bloqueos=0  (263 s)
  [ 52/206] MEDIA TABU rep=27  CENSURADA en 15d00h00m (120.0 h desde el inicio)  causa=-  costo=171049  en plazo=100.0%  replan=119 (+0 por evento)  bloqueos=0  (271 s)
  [ 53/206] MEDIA AG   rep=32  colapso 18d09h28m (105.5 h desde el inicio)  causa=llegada tardía (planificada)  costo=162800  en plazo=99.9%  replan=105 (+0 por evento)  bloqueos=0  (262 s)
  [ 54/206] ALTA  TABU rep=1  colapso 03d14h17m (38.3 h desde el inicio)  causa=destino bloqueado  costo=45610  en plazo=99.6%  replan=38 (+0 por evento)  bloqueos=0  (87 s)
  [ 55/206] ALTA  AG   rep=11  colapso 14d18h08m (42.1 h desde el inicio)  causa=llegada tardía (planificada)  costo=56790  en plazo=99.7%  replan=43 (+0 por evento)  bloqueos=0  (101 s)
  [ 56/206] ALTA  AG   rep=9  colapso 12d05h33m (29.6 h desde el inicio)  causa=destino bloqueado  costo=39003  en plazo=99.6%  replan=29 (+0 por evento)  bloqueos=0  (71 s)
  [ 57/206] BAJA  AG   rep=11  CENSURADA en 12d00h00m (120.0 h desde el inicio)  causa=-  costo=115956  en plazo=100.0%  replan=119 (+0 por evento)  bloqueos=0  (251 s)
  [ 58/206] BAJA  TABU rep=19  CENSURADA en 27d00h00m (120.0 h desde el inicio)  causa=-  costo=129728  en plazo=100.0%  replan=119 (+0 por evento)  bloqueos=0  (255 s)
  [ 59/206] MEDIA AG   rep=23  CENSURADA en 08d00h00m (120.0 h desde el inicio)  causa=-  costo=150741  en plazo=100.0%  replan=119 (+0 por evento)  bloqueos=0  (258 s)
  [ 60/206] ALTA  AG   rep=16  CENSURADA en 20d00h00m (120.0 h desde el inicio)  causa=-  costo=189635  en plazo=100.0%  replan=119 (+0 por evento)  bloqueos=0  (294 s)
  [ 61/206] BAJA  AG   rep=24  colapso 18d17h22m (65.4 h desde el inicio)  causa=destino bloqueado  costo=67379  en plazo=99.8%  replan=65 (+0 por evento)  bloqueos=0  (138 s)
  [ 62/206] ALTA  AG   rep=25  CENSURADA en 18d00h00m (120.0 h desde el inicio)  causa=-  costo=185179  en plazo=100.0%  replan=119 (+0 por evento)  bloqueos=0  (300 s)
  [ 63/206] BAJA  AG   rep=23  colapso 02d17h36m (17.6 h desde el inicio)  causa=destino bloqueado  costo=11036  en plazo=98.8%  replan=17 (+0 por evento)  bloqueos=0  (35 s)
  [ 64/206] MEDIA AG   rep=11  CENSURADA en 11d00h00m (120.0 h desde el inicio)  causa=-  costo=165538  en plazo=100.0%  replan=119 (+0 por evento)  bloqueos=0  (268 s)
  [ 65/206] BAJA  AG   rep=7  CENSURADA en 27d00h00m (120.0 h desde el inicio)  causa=-  costo=131461  en plazo=100.0%  replan=119 (+0 por evento)  bloqueos=0  (264 s)
  [ 66/206] ALTA  TABU rep=8  colapso 03d14h17m (14.3 h desde el inicio)  causa=destino bloqueado  costo=12140  en plazo=98.6%  replan=14 (+0 por evento)  bloqueos=0  (29 s)
  [ 67/206] ALTA  AG   rep=7  CENSURADA en 16d00h00m (120.0 h desde el inicio)  causa=-  costo=181880  en plazo=100.0%  replan=119 (+0 por evento)  bloqueos=0  (313 s)
  [ 68/206] ALTA  AG   rep=1  colapso 03d14h17m (38.3 h desde el inicio)  causa=destino bloqueado  costo=47793  en plazo=99.7%  replan=38 (+0 por evento)  bloqueos=0  (88 s)
  [ 69/206] ALTA  AG   rep=26  CENSURADA en 11d00h00m (120.0 h desde el inicio)  causa=-  costo=185303  en plazo=100.0%  replan=119 (+0 por evento)  bloqueos=0  (315 s)
  [ 70/206] BAJA  AG   rep=26  colapso 21d05h55m (5.9 h desde el inicio)  causa=destino bloqueado  costo=2461  en plazo=94.4%  replan=5 (+0 por evento)  bloqueos=0  (10 s)
  [ 71/206] ALTA  AG   rep=5  colapso 15d15h05m (87.1 h desde el inicio)  causa=destino bloqueado  costo=126168  en plazo=99.9%  replan=87 (+0 por evento)  bloqueos=0  (226 s)
  [ 72/206] MEDIA TABU rep=2  colapso 19d14h18m (62.3 h desde el inicio)  causa=llegada tardía (a bordo)  costo=85913  en plazo=99.8%  replan=63 (+0 por evento)  bloqueos=0  (141 s)
  [ 73/206] BAJA  AG   rep=17  colapso 21d04h22m (76.4 h desde el inicio)  causa=llegada tardía (a bordo)  costo=77242  en plazo=99.8%  replan=76 (+0 por evento)  bloqueos=0  (164 s)
  [ 74/206] MEDIA AG   rep=19  CENSURADA en 10d00h00m (120.0 h desde el inicio)  causa=-  costo=174398  en plazo=100.0%  replan=119 (+0 por evento)  bloqueos=0  (270 s)
  [ 75/206] BAJA  AG   rep=1  CENSURADA en 18d00h00m (120.0 h desde el inicio)  causa=-  costo=123109  en plazo=100.0%  replan=119 (+0 por evento)  bloqueos=0  (261 s)
  [ 76/206] ALTA  TABU rep=20  colapso 12d20h05m (68.1 h desde el inicio)  causa=llegada tardía (a bordo)  costo=95941  en plazo=99.8%  replan=68 (+0 por evento)  bloqueos=0  (172 s)
  [ 77/206] BAJA  TABU rep=27  CENSURADA en 15d00h00m (120.0 h desde el inicio)  causa=-  costo=126182  en plazo=100.0%  replan=119 (+0 por evento)  bloqueos=0  (252 s)
  [ 78/206] ALTA  TABU rep=24  colapso 12d20h05m (116.1 h desde el inicio)  causa=llegada tardía (a bordo)  costo=186595  en plazo=99.9%  replan=116 (+0 por evento)  bloqueos=0  (297 s)
  [ 79/206] MEDIA AG   rep=5  CENSURADA en 10d00h00m (120.0 h desde el inicio)  causa=-  costo=157408  en plazo=100.0%  replan=119 (+0 por evento)  bloqueos=0  (266 s)
  [ 80/206] BAJA  AG   rep=8  CENSURADA en 17d00h00m (120.0 h desde el inicio)  causa=-  costo=145677  en plazo=100.0%  replan=119 (+0 por evento)  bloqueos=0  (272 s)
  [ 81/206] BAJA  TABU rep=4  colapso 06d06h22m (78.4 h desde el inicio)  causa=destino bloqueado  costo=86727  en plazo=99.8%  replan=78 (+0 por evento)  bloqueos=0  (173 s)
  [ 82/206] BAJA  AG   rep=9  CENSURADA en 13d00h00m (120.0 h desde el inicio)  causa=-  costo=134210  en plazo=100.0%  replan=119 (+0 por evento)  bloqueos=0  (264 s)
  [ 83/206] ALTA  TABU rep=17  colapso 05d20h24m (68.4 h desde el inicio)  causa=llegada tardía (planificada)  costo=97273  en plazo=99.8%  replan=68 (+0 por evento)  bloqueos=0  (152 s)
  [ 84/206] ALTA  TABU rep=26  CENSURADA en 11d00h00m (120.0 h desde el inicio)  causa=-  costo=187512  en plazo=100.0%  replan=119 (+0 por evento)  bloqueos=0  (301 s)
  [ 85/206] ALTA  AG   rep=15  colapso 12d00h12m (72.2 h desde el inicio)  causa=llegada tardía (a bordo)  costo=107618  en plazo=99.8%  replan=72 (+0 por evento)  bloqueos=0  (189 s)
  [ 86/206] MEDIA TABU rep=5  CENSURADA en 10d00h00m (120.0 h desde el inicio)  causa=-  costo=161505  en plazo=100.0%  replan=119 (+0 por evento)  bloqueos=0  (266 s)
  [ 87/206] BAJA  TABU rep=29  CENSURADA en 09d00h00m (120.0 h desde el inicio)  causa=-  costo=114331  en plazo=100.0%  replan=119 (+0 por evento)  bloqueos=0  (256 s)
  [ 88/206] MEDIA TABU rep=6  CENSURADA en 08d00h00m (120.0 h desde el inicio)  causa=-  costo=185455  en plazo=100.0%  replan=119 (+0 por evento)  bloqueos=0  (271 s)
  [ 89/206] BAJA  AG   rep=20  colapso 24d03h04m (99.1 h desde el inicio)  causa=llegada tardía (a bordo)  costo=98863  en plazo=99.8%  replan=99 (+0 por evento)  bloqueos=0  (216 s)
  [ 90/206] BAJA  TABU rep=33  CENSURADA en 19d00h00m (120.0 h desde el inicio)  causa=-  costo=128646  en plazo=100.0%  replan=119 (+0 por evento)  bloqueos=0  (263 s)
  [ 91/206] BAJA  AG   rep=2  CENSURADA en 22d00h00m (120.0 h desde el inicio)  causa=-  costo=126406  en plazo=100.0%  replan=119 (+0 por evento)  bloqueos=0  (264 s)
  [ 92/206] BAJA  TABU rep=23  colapso 06d06h22m (102.4 h desde el inicio)  causa=destino bloqueado  costo=113458  en plazo=99.9%  replan=102 (+0 por evento)  bloqueos=0  (225 s)
  [ 93/206] MEDIA AG   rep=21  CENSURADA en 11d00h00m (120.0 h desde el inicio)  causa=-  costo=161046  en plazo=100.0%  replan=119 (+0 por evento)  bloqueos=0  (270 s)
  [ 94/206] BAJA  TABU rep=7  CENSURADA en 27d00h00m (120.0 h desde el inicio)  causa=-  costo=137934  en plazo=100.0%  replan=119 (+0 por evento)  bloqueos=0  (264 s)
  [ 95/206] MEDIA AG   rep=7  colapso 20d15h51m (63.9 h desde el inicio)  causa=destino bloqueado  costo=76452  en plazo=99.8%  replan=63 (+0 por evento)  bloqueos=0  (138 s)
  [ 96/206] BAJA  TABU rep=11  CENSURADA en 12d00h00m (120.0 h desde el inicio)  causa=-  costo=124268  en plazo=100.0%  replan=119 (+0 por evento)  bloqueos=0  (253 s)
  [ 97/206] MEDIA AG   rep=15  colapso 12d22h01m (22.0 h desde el inicio)  causa=destino bloqueado  costo=19331  en plazo=99.2%  replan=22 (+0 por evento)  bloqueos=0  (50 s)
  [ 98/206] MEDIA AG   rep=30  CENSURADA en 18d00h00m (120.0 h desde el inicio)  causa=-  costo=185474  en plazo=100.0%  replan=120 (+0 por evento)  bloqueos=0  (297 s)
  [ 99/206] MEDIA AG   rep=26  colapso 12d22h01m (94.0 h desde el inicio)  causa=destino bloqueado  costo=123821  en plazo=99.9%  replan=94 (+0 por evento)  bloqueos=0  (218 s)
  [100/206] ALTA  TABU rep=9  colapso 15d01h19m (97.3 h desde el inicio)  causa=llegada tardía (a bordo)  costo=162358  en plazo=99.9%  replan=97 (+0 por evento)  bloqueos=0  (238 s)
  [101/206] MEDIA TABU rep=33  CENSURADA en 12d00h00m (120.0 h desde el inicio)  causa=-  costo=163955  en plazo=100.0%  replan=120 (+0 por evento)  bloqueos=0  (266 s)
  [102/206] ALTA  AG   rep=14  colapso 03d03h22m (51.4 h desde el inicio)  causa=destino bloqueado  costo=68307  en plazo=99.8%  replan=51 (+0 por evento)  bloqueos=0  (111 s)
  [103/206] ALTA  TABU rep=19  colapso 07d05h21m (29.4 h desde el inicio)  causa=llegada tardía (a bordo)  costo=39299  en plazo=99.6%  replan=29 (+0 por evento)  bloqueos=0  (70 s)
  [104/206] ALTA  AG   rep=6  colapso 08d13h13m (37.2 h desde el inicio)  causa=llegada tardía (a bordo)  costo=59693  en plazo=99.7%  replan=38 (+0 por evento)  bloqueos=0  (98 s)
  [105/206] BAJA  TABU rep=12  CENSURADA en 24d00h00m (120.0 h desde el inicio)  causa=-  costo=128117  en plazo=100.0%  replan=119 (+0 por evento)  bloqueos=0  (251 s)
  [106/206] MEDIA TABU rep=28  CENSURADA en 12d00h00m (120.0 h desde el inicio)  causa=-  costo=164032  en plazo=100.0%  replan=119 (+0 por evento)  bloqueos=0  (266 s)
  [107/206] BAJA  AG   rep=16  CENSURADA en 15d00h00m (120.0 h desde el inicio)  causa=-  costo=142438  en plazo=100.0%  replan=119 (+0 por evento)  bloqueos=0  (264 s)
  [108/206] MEDIA AG   rep=33  CENSURADA en 12d00h00m (120.0 h desde el inicio)  causa=-  costo=156698  en plazo=100.0%  replan=120 (+0 por evento)  bloqueos=0  (269 s)
  [109/206] MEDIA TABU rep=18  CENSURADA en 13d00h00m (120.0 h desde el inicio)  causa=-  costo=165915  en plazo=100.0%  replan=119 (+0 por evento)  bloqueos=0  (273 s)
  [110/206] MEDIA TABU rep=20  CENSURADA en 06d00h00m (120.0 h desde el inicio)  causa=-  costo=167446  en plazo=100.0%  replan=119 (+0 por evento)  bloqueos=0  (268 s)
  [111/206] ALTA  AG   rep=21  colapso 14d21h49m (69.8 h desde el inicio)  causa=llegada tardía (planificada)  costo=104731  en plazo=99.8%  replan=69 (+0 por evento)  bloqueos=0  (165 s)
  [112/206] BAJA  AG   rep=35  CENSURADA en 12d00h00m (120.0 h desde el inicio)  causa=-  costo=135807  en plazo=100.0%  replan=119 (+0 por evento)  bloqueos=0  (263 s)
  [113/206] BAJA  AG   rep=4  colapso 06d06h22m (78.4 h desde el inicio)  causa=destino bloqueado  costo=85333  en plazo=99.8%  replan=78 (+0 por evento)  bloqueos=0  (178 s)
  [114/206] ALTA  TABU rep=6  colapso 08d21h03m (45.1 h desde el inicio)  causa=llegada tardía (planificada)  costo=71029  en plazo=99.8%  replan=46 (+0 por evento)  bloqueos=0  (111 s)
  [115/206] ALTA  TABU rep=23  colapso 05d16h03m (40.1 h desde el inicio)  causa=llegada tardía (planificada)  costo=51831  en plazo=99.7%  replan=40 (+0 por evento)  bloqueos=0  (87 s)
  [116/206] MEDIA AG   rep=16  CENSURADA en 07d00h00m (120.0 h desde el inicio)  causa=-  costo=170774  en plazo=100.0%  replan=119 (+0 por evento)  bloqueos=0  (273 s)
  [117/206] BAJA  AG   rep=33  CENSURADA en 19d00h00m (120.0 h desde el inicio)  causa=-  costo=122579  en plazo=100.0%  replan=119 (+0 por evento)  bloqueos=0  (260 s)
  [118/206] ALTA  TABU rep=25  CENSURADA en 18d00h00m (120.0 h desde el inicio)  causa=-  costo=188312  en plazo=100.0%  replan=119 (+0 por evento)  bloqueos=0  (290 s)
  [119/206] ALTA  AG   rep=8  colapso 03d14h17m (14.3 h desde el inicio)  causa=destino bloqueado  costo=9886  en plazo=98.6%  replan=14 (+0 por evento)  bloqueos=0  (29 s)
  [120/206] ALTA  TABU rep=28  colapso 06d13h08m (61.1 h desde el inicio)  causa=llegada tardía (planificada)  costo=90115  en plazo=99.8%  replan=61 (+0 por evento)  bloqueos=0  (145 s)
  [121/206] MEDIA TABU rep=16  CENSURADA en 07d00h00m (120.0 h desde el inicio)  causa=-  costo=169751  en plazo=100.0%  replan=119 (+0 por evento)  bloqueos=0  (268 s)
  [122/206] ALTA  TABU rep=16  CENSURADA en 20d00h00m (120.0 h desde el inicio)  causa=-  costo=194435  en plazo=100.0%  replan=119 (+0 por evento)  bloqueos=0  (282 s)
  [123/206] MEDIA TABU rep=1  CENSURADA en 19d00h00m (120.0 h desde el inicio)  causa=-  costo=161885  en plazo=100.0%  replan=119 (+0 por evento)  bloqueos=0  (260 s)
  [124/206] BAJA  TABU rep=8  CENSURADA en 17d00h00m (120.0 h desde el inicio)  causa=-  costo=148058  en plazo=100.0%  replan=119 (+0 por evento)  bloqueos=0  (267 s)
  [125/206] BAJA  AG   rep=18  CENSURADA en 11d00h00m (120.0 h desde el inicio)  causa=-  costo=115124  en plazo=100.0%  replan=119 (+0 por evento)  bloqueos=0  (253 s)
  [126/206] MEDIA TABU rep=7  colapso 20d15h51m (63.9 h desde el inicio)  causa=destino bloqueado  costo=77817  en plazo=99.8%  replan=63 (+0 por evento)  bloqueos=0  (137 s)
  [127/206] MEDIA TABU rep=3  colapso 20d15h51m (111.9 h desde el inicio)  causa=destino bloqueado  costo=144420  en plazo=99.9%  replan=111 (+0 por evento)  bloqueos=0  (240 s)
  [128/206] ALTA  TABU rep=3  colapso 07d12h13m (60.2 h desde el inicio)  causa=llegada tardía (planificada)  costo=94516  en plazo=99.8%  replan=61 (+0 por evento)  bloqueos=0  (147 s)
  [129/206] BAJA  AG   rep=34  CENSURADA en 14d00h00m (120.0 h desde el inicio)  causa=-  costo=124300  en plazo=100.0%  replan=119 (+0 por evento)  bloqueos=0  (250 s)
  [130/206] BAJA  TABU rep=32  CENSURADA en 23d00h00m (120.0 h desde el inicio)  causa=-  costo=120377  en plazo=100.0%  replan=119 (+0 por evento)  bloqueos=0  (256 s)
  [131/206] BAJA  TABU rep=5  CENSURADA en 07d00h00m (120.0 h desde el inicio)  causa=-  costo=112580  en plazo=100.0%  replan=119 (+0 por evento)  bloqueos=0  (253 s)
  [132/206] MEDIA TABU rep=8  CENSURADA en 09d00h00m (120.0 h desde el inicio)  causa=-  costo=154426  en plazo=100.0%  replan=119 (+0 por evento)  bloqueos=0  (263 s)
  [133/206] BAJA  AG   rep=30  colapso 18d17h22m (89.4 h desde el inicio)  causa=destino bloqueado  costo=100845  en plazo=99.8%  replan=89 (+0 por evento)  bloqueos=0  (192 s)
  [134/206] BAJA  TABU rep=34  CENSURADA en 14d00h00m (120.0 h desde el inicio)  causa=-  costo=130750  en plazo=100.0%  replan=119 (+0 por evento)  bloqueos=0  (250 s)
  [135/206] BAJA  TABU rep=14  colapso 06d06h22m (30.4 h desde el inicio)  causa=destino bloqueado  costo=25817  en plazo=99.4%  replan=30 (+0 por evento)  bloqueos=0  (62 s)
  [136/206] BAJA  TABU rep=10  CENSURADA en 08d00h00m (120.0 h desde el inicio)  causa=-  costo=121680  en plazo=100.0%  replan=119 (+0 por evento)  bloqueos=0  (256 s)
  [137/206] BAJA  TABU rep=13  colapso 06d06h22m (54.4 h desde el inicio)  causa=destino bloqueado  costo=55704  en plazo=99.7%  replan=54 (+0 por evento)  bloqueos=0  (119 s)
  [138/206] ALTA  AG   rep=10  CENSURADA en 19d00h00m (120.0 h desde el inicio)  causa=-  costo=189186  en plazo=100.0%  replan=119 (+0 por evento)  bloqueos=0  (307 s)
  [139/206] BAJA  AG   rep=32  CENSURADA en 23d00h00m (120.0 h desde el inicio)  causa=-  costo=115869  en plazo=100.0%  replan=119 (+0 por evento)  bloqueos=0  (256 s)
  [140/206] ALTA  TABU rep=2  colapso 12d03h49m (51.8 h desde el inicio)  causa=llegada tardía (planificada)  costo=72636  en plazo=99.8%  replan=52 (+0 por evento)  bloqueos=0  (128 s)
  [141/206] MEDIA TABU rep=15  CENSURADA en 17d00h00m (120.0 h desde el inicio)  causa=-  costo=178440  en plazo=100.0%  replan=119 (+0 por evento)  bloqueos=0  (281 s)
  [142/206] MEDIA TABU rep=22  CENSURADA en 14d00h00m (120.0 h desde el inicio)  causa=-  costo=156394  en plazo=100.0%  replan=119 (+0 por evento)  bloqueos=0  (271 s)
  [143/206] MEDIA TABU rep=10  colapso 12d22h01m (70.0 h desde el inicio)  causa=destino bloqueado  costo=89065  en plazo=99.8%  replan=70 (+0 por evento)  bloqueos=0  (159 s)
  [144/206] BAJA  AG   rep=6  CENSURADA en 28d00h00m (120.0 h desde el inicio)  causa=-  costo=142610  en plazo=100.0%  replan=120 (+0 por evento)  bloqueos=0  (265 s)
  [145/206] BAJA  TABU rep=36  CENSURADA en 13d00h00m (120.0 h desde el inicio)  causa=-  costo=124923  en plazo=100.0%  replan=119 (+0 por evento)  bloqueos=0  (251 s)
  [146/206] BAJA  AG   rep=5  CENSURADA en 07d00h00m (120.0 h desde el inicio)  causa=-  costo=104031  en plazo=100.0%  replan=119 (+0 por evento)  bloqueos=0  (252 s)
  [147/206] ALTA  TABU rep=22  colapso 03d14h17m (62.3 h desde el inicio)  causa=destino bloqueado  costo=88795  en plazo=99.8%  replan=62 (+0 por evento)  bloqueos=0  (147 s)
  [148/206] BAJA  TABU rep=22  CENSURADA en 17d00h00m (120.0 h desde el inicio)  causa=-  costo=122712  en plazo=100.0%  replan=119 (+0 por evento)  bloqueos=0  (251 s)
  [149/206] BAJA  TABU rep=25  CENSURADA en 26d00h00m (120.0 h desde el inicio)  causa=-  costo=136648  en plazo=100.0%  replan=119 (+0 por evento)  bloqueos=0  (262 s)
  [150/206] MEDIA TABU rep=32  CENSURADA en 19d00h00m (120.0 h desde el inicio)  causa=-  costo=188112  en plazo=100.0%  replan=119 (+0 por evento)  bloqueos=0  (281 s)
  [151/206] MEDIA TABU rep=26  colapso 12d22h01m (94.0 h desde el inicio)  causa=destino bloqueado  costo=123539  en plazo=99.9%  replan=94 (+0 por evento)  bloqueos=0  (215 s)
  [152/206] BAJA  AG   rep=39  CENSURADA en 19d00h00m (120.0 h desde el inicio)  causa=-  costo=142663  en plazo=100.0%  replan=119 (+0 por evento)  bloqueos=0  (262 s)
  [153/206] ALTA  TABU rep=27  colapso 12d03h49m (75.8 h desde el inicio)  causa=llegada tardía (a bordo)  costo=114244  en plazo=99.9%  replan=75 (+0 por evento)  bloqueos=0  (196 s)
  [154/206] BAJA  TABU rep=1  CENSURADA en 18d00h00m (120.0 h desde el inicio)  causa=-  costo=127801  en plazo=100.0%  replan=119 (+0 por evento)  bloqueos=0  (263 s)
  [155/206] BAJA  AG   rep=15  CENSURADA en 10d00h00m (120.0 h desde el inicio)  causa=-  costo=113465  en plazo=100.0%  replan=119 (+0 por evento)  bloqueos=0  (253 s)
  [156/206] BAJA  AG   rep=25  CENSURADA en 26d00h00m (120.0 h desde el inicio)  causa=-  costo=132017  en plazo=100.0%  replan=119 (+0 por evento)  bloqueos=0  (264 s)
  [157/206] MEDIA AG   rep=1  colapso 18d12h04m (108.1 h desde el inicio)  causa=llegada tardía (a bordo)  costo=142785  en plazo=99.9%  replan=108 (+0 por evento)  bloqueos=0  (239 s)
  [158/206] ALTA  TABU rep=5  colapso 13d21h41m (45.7 h desde el inicio)  causa=llegada tardía (planificada)  costo=58751  en plazo=99.7%  replan=45 (+0 por evento)  bloqueos=0  (105 s)
  [159/206] ALTA  AG   rep=22  colapso 03d14h17m (62.3 h desde el inicio)  causa=destino bloqueado  costo=88797  en plazo=99.8%  replan=62 (+0 por evento)  bloqueos=0  (152 s)
  [160/206] MEDIA AG   rep=25  colapso 18d12h24m (60.4 h desde el inicio)  causa=llegada tardía (planificada)  costo=86044  en plazo=99.8%  replan=60 (+0 por evento)  bloqueos=0  (148 s)
  [161/206] BAJA  TABU rep=6  colapso 25d21h13m (69.2 h desde el inicio)  causa=llegada tardía (planificada)  costo=75480  en plazo=99.8%  replan=70 (+0 por evento)  bloqueos=0  (156 s)
  [162/206] BAJA  TABU rep=39  colapso 18d17h22m (113.4 h desde el inicio)  causa=destino bloqueado  costo=136328  en plazo=99.9%  replan=113 (+0 por evento)  bloqueos=0  (252 s)
  [163/206] BAJA  AG   rep=14  colapso 06d06h22m (30.4 h desde el inicio)  causa=destino bloqueado  costo=23114  en plazo=99.4%  replan=30 (+0 por evento)  bloqueos=0  (63 s)
  [164/206] MEDIA AG   rep=2  CENSURADA en 22d00h00m (120.0 h desde el inicio)  causa=-  costo=180296  en plazo=100.0%  replan=120 (+0 por evento)  bloqueos=0  (290 s)
  [165/206] BAJA  AG   rep=3  colapso 18d17h22m (41.4 h desde el inicio)  causa=destino bloqueado  costo=35905  en plazo=99.6%  replan=42 (+0 por evento)  bloqueos=0  (88 s)
  [166/206] MEDIA TABU rep=31  CENSURADA en 09d00h00m (120.0 h desde el inicio)  causa=-  costo=183615  en plazo=100.0%  replan=119 (+0 por evento)  bloqueos=0  (267 s)
  [167/206] BAJA  AG   rep=12  colapso 21d20h30m (68.5 h desde el inicio)  causa=llegada tardía (planificada)  costo=67824  en plazo=99.8%  replan=68 (+0 por evento)  bloqueos=0  (145 s)
  [168/206] ALTA  TABU rep=4  colapso 07d13h18m (61.3 h desde el inicio)  causa=llegada tardía (planificada)  costo=96506  en plazo=99.8%  replan=62 (+0 por evento)  bloqueos=0  (155 s)
  [169/206] ALTA  TABU rep=18  colapso 10d04h05m (52.1 h desde el inicio)  causa=llegada tardía (planificada)  costo=80296  en plazo=99.8%  replan=53 (+0 por evento)  bloqueos=0  (123 s)
  [170/206] BAJA  AG   rep=38  CENSURADA en 16d00h00m (120.0 h desde el inicio)  causa=-  costo=144494  en plazo=100.0%  replan=119 (+0 por evento)  bloqueos=0  (268 s)
  [171/206] MEDIA TABU rep=14  colapso 20d15h51m (87.9 h desde el inicio)  causa=destino bloqueado  costo=107424  en plazo=99.9%  replan=87 (+0 por evento)  bloqueos=0  (188 s)
  [172/206] BAJA  AG   rep=36  CENSURADA en 13d00h00m (120.0 h desde el inicio)  causa=-  costo=116622  en plazo=100.0%  replan=119 (+0 por evento)  bloqueos=0  (250 s)
  [173/206] BAJA  TABU rep=18  CENSURADA en 11d00h00m (120.0 h desde el inicio)  causa=-  costo=122063  en plazo=100.0%  replan=119 (+0 por evento)  bloqueos=0  (255 s)
  [174/206] MEDIA AG   rep=18  colapso 12d22h01m (118.0 h desde el inicio)  causa=destino bloqueado  costo=158450  en plazo=99.9%  replan=118 (+0 por evento)  bloqueos=0  (271 s)
  [175/206] MEDIA TABU rep=24  CENSURADA en 17d00h00m (120.0 h desde el inicio)  causa=-  costo=176208  en plazo=100.0%  replan=119 (+0 por evento)  bloqueos=0  (279 s)
  [176/206] ALTA  TABU rep=15  colapso 11d18h03m (66.1 h desde el inicio)  causa=llegada tardía (planificada)  costo=99115  en plazo=99.8%  replan=66 (+0 por evento)  bloqueos=0  (163 s)
  [177/206] ALTA  TABU rep=13  colapso 11d04h59m (101.0 h desde el inicio)  causa=llegada tardía (planificada)  costo=146742  en plazo=99.9%  replan=100 (+0 por evento)  bloqueos=0  (254 s)
  [178/206] ALTA  AG   rep=19  colapso 07d12h30m (36.5 h desde el inicio)  causa=llegada tardía (planificada)  costo=51928  en plazo=99.7%  replan=36 (+0 por evento)  bloqueos=0  (97 s)
  [179/206] BAJA  TABU rep=3  CENSURADA en 22d00h00m (120.0 h desde el inicio)  causa=-  costo=137601  en plazo=100.0%  replan=120 (+0 por evento)  bloqueos=0  (259 s)
  [180/206] BAJA  TABU rep=31  colapso 06d06h22m (6.4 h desde el inicio)  causa=destino bloqueado  costo=3348  en plazo=94.7%  replan=6 (+0 por evento)  bloqueos=0  (12 s)
  [181/206] MEDIA AG   rep=29  CENSURADA en 18d00h00m (120.0 h desde el inicio)  causa=-  costo=170434  en plazo=100.0%  replan=120 (+0 por evento)  bloqueos=0  (280 s)
  [182/206] BAJA  AG   rep=31  colapso 06d06h22m (6.4 h desde el inicio)  causa=destino bloqueado  costo=3068  en plazo=93.3%  replan=6 (+0 por evento)  bloqueos=0  (12 s)
  [183/206] ALTA  AG   rep=12  colapso 03d03h22m (27.4 h desde el inicio)  causa=destino bloqueado  costo=27440  en plazo=99.5%  replan=28 (+0 por evento)  bloqueos=0  (59 s)
  [184/206] ALTA  AG   rep=17  colapso 05d05h26m (53.4 h desde el inicio)  causa=llegada tardía (planificada)  costo=68403  en plazo=99.8%  replan=53 (+0 por evento)  bloqueos=0  (116 s)
  [185/206] MEDIA TABU rep=13  colapso 14d06h05m (78.1 h desde el inicio)  causa=llegada tardía (planificada)  costo=97964  en plazo=99.8%  replan=78 (+0 por evento)  bloqueos=0  (175 s)
  [186/206] MEDIA TABU rep=35  CENSURADA en 20d00h00m (120.0 h desde el inicio)  causa=-  costo=189996  en plazo=100.0%  replan=119 (+0 por evento)  bloqueos=0  (285 s)
  [187/206] MEDIA AG   rep=24  colapso 16d13h32m (109.5 h desde el inicio)  causa=llegada tardía (planificada)  costo=154823  en plazo=99.9%  replan=109 (+0 por evento)  bloqueos=0  (259 s)
  [188/206] MEDIA TABU rep=11  CENSURADA en 11d00h00m (120.0 h desde el inicio)  causa=-  costo=165399  en plazo=100.0%  replan=119 (+0 por evento)  bloqueos=0  (266 s)
  [189/206] MEDIA AG   rep=9  colapso 06d20h02m (116.0 h desde el inicio)  causa=llegada tardía (planificada)  costo=144710  en plazo=99.9%  replan=116 (+0 por evento)  bloqueos=0  (255 s)
  [190/206] MEDIA AG   rep=28  CENSURADA en 12d00h00m (120.0 h desde el inicio)  causa=-  costo=163163  en plazo=100.0%  replan=119 (+0 por evento)  bloqueos=0  (269 s)
  [191/206] MEDIA AG   rep=10  colapso 13d08h58m (81.0 h desde el inicio)  causa=llegada tardía (a bordo)  costo=108253  en plazo=99.9%  replan=80 (+0 por evento)  bloqueos=0  (193 s)
  [192/206] BAJA  TABU rep=38  CENSURADA en 16d00h00m (120.0 h desde el inicio)  causa=-  costo=150076  en plazo=100.0%  replan=119 (+0 por evento)  bloqueos=0  (271 s)
  [193/206] BAJA  TABU rep=28  CENSURADA en 06d00h00m (120.0 h desde el inicio)  causa=-  costo=112587  en plazo=100.0%  replan=119 (+0 por evento)  bloqueos=0  (254 s)
  [194/206] MEDIA AG   rep=13  CENSURADA en 16d00h00m (120.0 h desde el inicio)  causa=-  costo=167658  en plazo=100.0%  replan=119 (+0 por evento)  bloqueos=0  (272 s)
  [195/206] BAJA  AG   rep=19  CENSURADA en 27d00h00m (120.0 h desde el inicio)  causa=-  costo=128706  en plazo=100.0%  replan=119 (+0 por evento)  bloqueos=0  (259 s)
  [196/206] ALTA  AG   rep=27  colapso 13d21h41m (117.7 h desde el inicio)  causa=llegada tardía (a bordo)  costo=186713  en plazo=99.9%  replan=117 (+0 por evento)  bloqueos=0  (331 s)
  [197/206] BAJA  TABU rep=9  CENSURADA en 13d00h00m (120.0 h desde el inicio)  causa=-  costo=134729  en plazo=100.0%  replan=119 (+0 por evento)  bloqueos=0  (264 s)
  [198/206] BAJA  TABU rep=17  colapso 21d05h55m (77.9 h desde el inicio)  causa=destino bloqueado  costo=80819  en plazo=99.8%  replan=77 (+0 por evento)  bloqueos=0  (167 s)
  [199/206] ALTA  AG   rep=2  colapso 12d05h18m (53.3 h desde el inicio)  causa=llegada tardía (planificada)  costo=75577  en plazo=99.8%  replan=54 (+0 por evento)  bloqueos=0  (141 s)
  [200/206] MEDIA AG   rep=20  CENSURADA en 06d00h00m (120.0 h desde el inicio)  causa=-  costo=163743  en plazo=100.0%  replan=119 (+0 por evento)  bloqueos=0  (268 s)
  [201/206] ALTA  AG   rep=3  colapso 06d21h46m (45.8 h desde el inicio)  causa=llegada tardía (planificada)  costo=70671  en plazo=99.8%  replan=46 (+0 por evento)  bloqueos=0  (108 s)
  [202/206] MEDIA TABU rep=21  CENSURADA en 11d00h00m (120.0 h desde el inicio)  causa=-  costo=162737  en plazo=100.0%  replan=119 (+0 por evento)  bloqueos=0  (267 s)
  [203/206] MEDIA TABU rep=4  CENSURADA en 13d00h00m (120.0 h desde el inicio)  causa=-  costo=154716  en plazo=100.0%  replan=119 (+0 por evento)  bloqueos=0  (266 s)
  [204/206] BAJA  AG   rep=22  CENSURADA en 17d00h00m (120.0 h desde el inicio)  causa=-  costo=119317  en plazo=100.0%  replan=119 (+0 por evento)  bloqueos=0  (251 s)
  [205/206] BAJA  TABU rep=30  CENSURADA en 20d00h00m (120.0 h desde el inicio)  causa=-  costo=144175  en plazo=100.0%  replan=119 (+0 por evento)  bloqueos=0  (258 s)
  [206/206] ALTA  AG   rep=20  CENSURADA en 15d00h00m (120.0 h desde el inicio)  causa=-  costo=183545  en plazo=100.0%  replan=119 (+0 por evento)  bloqueos=0  (297 s)

=== Resumen por combinación ===
Combinación   n  colapso (h) censuradas    costo medio    % plazo
MEDIA AG     35       303.25         18         142811      99.9%
BAJA AG      40       358.33         27         103002      99.6%
ALTA AG      28       228.20          6         105938      99.8%
ALTA TABU    28       226.11          4         103248      99.8%
BAJA TABU    40       363.69         30         113315      99.7%
MEDIA TABU   35       308.34         25         152861     100.0%

Resultados guardados en: C:\Users\MARIA GRACIA\Downloads\JL\DP1\PaqRap\PaqRap\Resultados\corrida3_semilla3000\experimento_oficial_SIM_5D.csv
