=== Modo simulación, escenario SIM_5D (pedidos base: juego_de_datos\ventas.v20260909-20260928T011657Z-1-001\ventas.v20260909\ventas.202609.txt) ===
Sa = 60 min, Ta = 2000 ms, horizonte = 7200 min; bloqueos: juego_de_datos\bloqueos.v20260909-20260928T011612Z-1-001\bloqueos.v20260909\bloqueo.2609.txt (558); almacenes intermedios: sí; averías: no; parciales: urgentes; alimentación: sí; AG con búsqueda local: sí

=== Capacidad teórica diaria de la flota ===
  d̄ (ida y vuelta) = 68.13 km; T = 21 h; horas de entrega = 1.0
  Tipo       n   q  v(km/h)  q̄_k   e_k   t_k(h)  viajes/día  paquetes/día
  AUTO      10  24    40.0   5.50  4.36    6.07           3           720
  MOTO      15   8    25.0   4.53  1.77    4.49           4           480
  BICICLETA 12   4    12.0   2.47  1.62    7.30           2            96
  C_max propio = 1296 paquetes/día | hoja auxiliar = 1536 | se usa: propio

=== Niveles de carga (30 días; archivos en C:\Users\MARIA GRACIA\Downloads\JL\DP1\PaqRap\PaqRap\juego_de_datos\ventas.v20260909-20260928T011657Z-1-001\ventas.v20260909\generados) ===
Situaciones: ventanas reales de 5 días de los meses 202609 a 202702 (la misma para TABU y AG)
  BAJA   meses [202609, 202610]: 40 ventanas (paso 1 días, semilla 2027); carga media 78% de C_max
  AVISO: el nivel MEDIA tiene solo 35 ventanas (se pidieron 40); se usan todas. Para más, use --paso-ventana 1 o amplíe los meses.
  MEDIA  meses [202611, 202612]: 35 ventanas (paso 1 días, semilla 2028); carga media 98% de C_max
  AVISO: el nivel ALTA tiene solo 28 ventanas (se pidieron 40); se usan todas. Para más, use --paso-ventana 1 o amplíe los meses.
  ALTA   meses [202701, 202702]: 28 ventanas (paso 1 días, semilla 2029); carga media 115% de C_max

Hashes de entrada guardados en C:\Users\MARIA GRACIA\Downloads\JL\DP1\PaqRap\PaqRap\verificacion_etapa28\experimento_oficial_SIM_5D_hashes.txt

=== Ejecutando 206 corridas ===
  [  1/206] MEDIA AG   rep=34  colapso 12d22h01m (46.0 h desde el inicio)  causa=destino bloqueado  costo=51389  en plazo=99.7%  replan=46 (+0 por evento)  bloqueos=0  (106 s)
  [  2/206] BAJA  AG   rep=40  CENSURADA en 25d00h00m (120.0 h desde el inicio)  causa=-  costo=117520  en plazo=100.0%  replan=119 (+0 por evento)  bloqueos=0  (252 s)
  [  3/206] MEDIA AG   rep=22  CENSURADA en 14d00h00m (120.0 h desde el inicio)  causa=-  costo=158781  en plazo=100.0%  replan=119 (+0 por evento)  bloqueos=0  (272 s)
  [  4/206] MEDIA AG   rep=6  CENSURADA en 08d00h00m (120.0 h desde el inicio)  causa=-  costo=179625  en plazo=100.0%  replan=119 (+0 por evento)  bloqueos=0  (273 s)
  [  5/206] MEDIA AG   rep=17  CENSURADA en 20d00h00m (120.0 h desde el inicio)  causa=-  costo=156619  en plazo=100.0%  replan=119 (+0 por evento)  bloqueos=0  (260 s)
  [  6/206] ALTA  AG   rep=4  colapso 07d12h14m (60.2 h desde el inicio)  causa=llegada tardía (planificada)  costo=93931  en plazo=99.8%  replan=61 (+0 por evento)  bloqueos=0  (162 s)
  [  7/206] ALTA  TABU rep=7  colapso 15d06h10m (102.2 h desde el inicio)  causa=llegada tardía (planificada)  costo=151681  en plazo=99.9%  replan=102 (+0 por evento)  bloqueos=0  (257 s)
  [  8/206] ALTA  AG   rep=24  colapso 11d05h02m (77.0 h desde el inicio)  causa=llegada tardía (planificada)  costo=113528  en plazo=99.9%  replan=77 (+0 por evento)  bloqueos=0  (209 s)
  [  9/206] BAJA  TABU rep=26  colapso 21d05h55m (5.9 h desde el inicio)  causa=destino bloqueado  costo=2946  en plazo=94.7%  replan=5 (+0 por evento)  bloqueos=0  (10 s)
  [ 10/206] MEDIA TABU rep=29  CENSURADA en 18d00h00m (120.0 h desde el inicio)  causa=-  costo=172808  en plazo=100.0%  replan=120 (+0 por evento)  bloqueos=0  (272 s)
  [ 11/206] BAJA  AG   rep=28  CENSURADA en 06d00h00m (120.0 h desde el inicio)  causa=-  costo=106492  en plazo=100.0%  replan=119 (+0 por evento)  bloqueos=0  (251 s)
  [ 12/206] ALTA  TABU rep=21  colapso 14d12h15m (60.3 h desde el inicio)  causa=llegada tardía (a bordo)  costo=82547  en plazo=99.8%  replan=60 (+0 por evento)  bloqueos=0  (138 s)
  [ 13/206] ALTA  TABU rep=11  colapso 14d21h11m (45.2 h desde el inicio)  causa=llegada tardía (planificada)  costo=61731  en plazo=99.7%  replan=46 (+0 por evento)  bloqueos=0  (104 s)
  [ 14/206] BAJA  TABU rep=21  CENSURADA en 16d00h00m (120.0 h desde el inicio)  causa=-  costo=123783  en plazo=100.0%  replan=119 (+0 por evento)  bloqueos=0  (251 s)
  [ 15/206] BAJA  TABU rep=24  CENSURADA en 21d00h00m (120.0 h desde el inicio)  causa=-  costo=140640  en plazo=100.0%  replan=119 (+0 por evento)  bloqueos=0  (258 s)
  [ 16/206] MEDIA TABU rep=25  CENSURADA en 21d00h00m (120.0 h desde el inicio)  causa=-  costo=185520  en plazo=100.0%  replan=119 (+0 por evento)  bloqueos=0  (279 s)
  [ 17/206] MEDIA AG   rep=12  CENSURADA en 06d00h00m (120.0 h desde el inicio)  causa=-  costo=145833  en plazo=100.0%  replan=119 (+0 por evento)  bloqueos=0  (256 s)
  [ 18/206] BAJA  AG   rep=10  CENSURADA en 08d00h00m (120.0 h desde el inicio)  causa=-  costo=112653  en plazo=100.0%  replan=119 (+0 por evento)  bloqueos=0  (253 s)
  [ 19/206] MEDIA AG   rep=3  colapso 20d15h51m (111.9 h desde el inicio)  causa=destino bloqueado  costo=141909  en plazo=99.9%  replan=111 (+0 por evento)  bloqueos=0  (243 s)
  [ 20/206] MEDIA TABU rep=23  CENSURADA en 08d00h00m (120.0 h desde el inicio)  causa=-  costo=151504  en plazo=100.0%  replan=119 (+0 por evento)  bloqueos=0  (257 s)
  [ 21/206] ALTA  TABU rep=12  colapso 03d03h22m (27.4 h desde el inicio)  causa=destino bloqueado  costo=27023  en plazo=99.5%  replan=28 (+0 por evento)  bloqueos=0  (58 s)
  [ 22/206] MEDIA TABU rep=12  CENSURADA en 06d00h00m (120.0 h desde el inicio)  causa=-  costo=152990  en plazo=100.0%  replan=119 (+0 por evento)  bloqueos=0  (257 s)
  [ 23/206] ALTA  TABU rep=14  colapso 03d03h22m (51.4 h desde el inicio)  causa=destino bloqueado  costo=68906  en plazo=99.8%  replan=51 (+0 por evento)  bloqueos=0  (110 s)
  [ 24/206] MEDIA AG   rep=35  CENSURADA en 20d00h00m (120.0 h desde el inicio)  causa=-  costo=184190  en plazo=100.0%  replan=119 (+0 por evento)  bloqueos=0  (291 s)
  [ 25/206] BAJA  TABU rep=37  CENSURADA en 20d00h00m (120.0 h desde el inicio)  causa=-  costo=127652  en plazo=100.0%  replan=119 (+0 por evento)  bloqueos=0  (261 s)
  [ 26/206] BAJA  TABU rep=16  CENSURADA en 15d00h00m (120.0 h desde el inicio)  causa=-  costo=143709  en plazo=100.0%  replan=119 (+0 por evento)  bloqueos=0  (264 s)
  [ 27/206] ALTA  AG   rep=18  colapso 11d18h28m (90.5 h desde el inicio)  causa=llegada tardía (planificada)  costo=150539  en plazo=99.9%  replan=91 (+0 por evento)  bloqueos=0  (231 s)
  [ 28/206] MEDIA TABU rep=19  CENSURADA en 10d00h00m (120.0 h desde el inicio)  causa=-  costo=175396  en plazo=100.0%  replan=119 (+0 por evento)  bloqueos=0  (265 s)
  [ 29/206] MEDIA AG   rep=8  CENSURADA en 09d00h00m (120.0 h desde el inicio)  causa=-  costo=153181  en plazo=100.0%  replan=119 (+0 por evento)  bloqueos=0  (263 s)
  [ 30/206] BAJA  TABU rep=20  CENSURADA en 25d00h00m (120.0 h desde el inicio)  causa=-  costo=129456  en plazo=100.0%  replan=119 (+0 por evento)  bloqueos=0  (263 s)
  [ 31/206] MEDIA AG   rep=31  CENSURADA en 09d00h00m (120.0 h desde el inicio)  causa=-  costo=175272  en plazo=100.0%  replan=119 (+0 por evento)  bloqueos=0  (264 s)
  [ 32/206] MEDIA TABU rep=30  CENSURADA en 18d00h00m (120.0 h desde el inicio)  causa=-  costo=188193  en plazo=100.0%  replan=120 (+0 por evento)  bloqueos=0  (284 s)
  [ 33/206] ALTA  AG   rep=13  colapso 09d14h03m (62.1 h desde el inicio)  causa=llegada tardía (planificada)  costo=75908  en plazo=99.8%  replan=62 (+0 por evento)  bloqueos=0  (145 s)
  [ 34/206] ALTA  TABU rep=10  colapso 17d12h03m (84.1 h desde el inicio)  causa=llegada tardía (planificada)  costo=118151  en plazo=99.9%  replan=84 (+0 por evento)  bloqueos=0  (199 s)
  [ 35/206] BAJA  AG   rep=37  CENSURADA en 20d00h00m (120.0 h desde el inicio)  causa=-  costo=126345  en plazo=100.0%  replan=119 (+0 por evento)  bloqueos=0  (264 s)
  [ 36/206] MEDIA TABU rep=34  colapso 12d22h01m (46.0 h desde el inicio)  causa=destino bloqueado  costo=51575  en plazo=99.7%  replan=46 (+0 por evento)  bloqueos=0  (104 s)
  [ 37/206] BAJA  TABU rep=2  CENSURADA en 22d00h00m (120.0 h desde el inicio)  causa=-  costo=128886  en plazo=100.0%  replan=119 (+0 por evento)  bloqueos=0  (261 s)
  [ 38/206] MEDIA AG   rep=27  colapso 14d13h06m (109.1 h desde el inicio)  causa=llegada tardía (planificada)  costo=146347  en plazo=99.9%  replan=109 (+0 por evento)  bloqueos=0  (247 s)
  [ 39/206] BAJA  AG   rep=21  CENSURADA en 16d00h00m (120.0 h desde el inicio)  causa=-  costo=117327  en plazo=100.0%  replan=119 (+0 por evento)  bloqueos=0  (249 s)
  [ 40/206] MEDIA TABU rep=17  colapso 19d20h16m (116.3 h desde el inicio)  causa=llegada tardía (planificada)  costo=156750  en plazo=99.9%  replan=116 (+0 por evento)  bloqueos=0  (251 s)
  [ 41/206] BAJA  AG   rep=13  colapso 06d06h22m (54.4 h desde el inicio)  causa=destino bloqueado  costo=58393  en plazo=99.7%  replan=54 (+0 por evento)  bloqueos=0  (120 s)
  [ 42/206] BAJA  AG   rep=27  CENSURADA en 15d00h00m (120.0 h desde el inicio)  causa=-  costo=120236  en plazo=100.0%  replan=119 (+0 por evento)  bloqueos=0  (250 s)
  [ 43/206] MEDIA AG   rep=4  CENSURADA en 13d00h00m (120.0 h desde el inicio)  causa=-  costo=154786  en plazo=100.0%  replan=119 (+0 por evento)  bloqueos=0  (269 s)
  [ 44/206] MEDIA AG   rep=14  colapso 20d15h51m (87.9 h desde el inicio)  causa=destino bloqueado  costo=106670  en plazo=99.9%  replan=87 (+0 por evento)  bloqueos=0  (189 s)
  [ 45/206] BAJA  AG   rep=29  CENSURADA en 09d00h00m (120.0 h desde el inicio)  causa=-  costo=111337  en plazo=100.0%  replan=119 (+0 por evento)  bloqueos=0  (254 s)
  [ 46/206] BAJA  TABU rep=40  CENSURADA en 25d00h00m (120.0 h desde el inicio)  causa=-  costo=127278  en plazo=100.0%  replan=119 (+0 por evento)  bloqueos=0  (251 s)
  [ 47/206] ALTA  AG   rep=23  colapso 06d20h36m (68.6 h desde el inicio)  causa=destino bloqueado  costo=105353  en plazo=99.8%  replan=68 (+0 por evento)  bloqueos=0  (160 s)
  [ 48/206] ALTA  AG   rep=28  colapso 07d01h41m (73.7 h desde el inicio)  causa=llegada tardía (planificada)  costo=118442  en plazo=99.9%  replan=73 (+0 por evento)  bloqueos=0  (184 s)
  [ 49/206] BAJA  TABU rep=15  CENSURADA en 10d00h00m (120.0 h desde el inicio)  causa=-  costo=118294  en plazo=100.0%  replan=119 (+0 por evento)  bloqueos=0  (254 s)
  [ 50/206] MEDIA TABU rep=9  CENSURADA en 07d00h00m (120.0 h desde el inicio)  causa=-  costo=153100  en plazo=100.0%  replan=119 (+0 por evento)  bloqueos=0  (263 s)
  [ 51/206] BAJA  TABU rep=35  colapso 09d11h47m (59.8 h desde el inicio)  causa=llegada tardía (a bordo)  costo=63630  en plazo=99.8%  replan=59 (+0 por evento)  bloqueos=0  (126 s)
  [ 52/206] MEDIA TABU rep=27  colapso 14d00h51m (96.9 h desde el inicio)  causa=destino bloqueado  costo=130403  en plazo=99.9%  replan=96 (+0 por evento)  bloqueos=0  (222 s)
  [ 53/206] MEDIA AG   rep=32  colapso 16d22h04m (70.1 h desde el inicio)  causa=llegada tardía (planificada)  costo=95973  en plazo=99.8%  replan=70 (+0 por evento)  bloqueos=0  (177 s)
  [ 54/206] ALTA  TABU rep=1  colapso 03d14h17m (38.3 h desde el inicio)  causa=destino bloqueado  costo=46567  en plazo=99.7%  replan=38 (+0 por evento)  bloqueos=0  (85 s)
  [ 55/206] ALTA  AG   rep=11  colapso 15d05h23m (53.4 h desde el inicio)  causa=llegada tardía (planificada)  costo=78217  en plazo=99.8%  replan=54 (+0 por evento)  bloqueos=0  (138 s)
  [ 56/206] ALTA  AG   rep=9  colapso 14d05h15m (77.3 h desde el inicio)  causa=llegada tardía (a bordo)  costo=123314  en plazo=99.9%  replan=77 (+0 por evento)  bloqueos=0  (198 s)
  [ 57/206] BAJA  AG   rep=11  CENSURADA en 12d00h00m (120.0 h desde el inicio)  causa=-  costo=119237  en plazo=100.0%  replan=119 (+0 por evento)  bloqueos=0  (253 s)
  [ 58/206] BAJA  TABU rep=19  CENSURADA en 27d00h00m (120.0 h desde el inicio)  causa=-  costo=132781  en plazo=100.0%  replan=119 (+0 por evento)  bloqueos=0  (258 s)
  [ 59/206] MEDIA AG   rep=23  CENSURADA en 08d00h00m (120.0 h desde el inicio)  causa=-  costo=148510  en plazo=100.0%  replan=119 (+0 por evento)  bloqueos=0  (260 s)
  [ 60/206] ALTA  AG   rep=16  colapso 18d21h08m (93.1 h desde el inicio)  causa=llegada tardía (planificada)  costo=148243  en plazo=99.9%  replan=93 (+0 por evento)  bloqueos=0  (236 s)
  [ 61/206] BAJA  AG   rep=24  CENSURADA en 21d00h00m (120.0 h desde el inicio)  causa=-  costo=134440  en plazo=100.0%  replan=119 (+0 por evento)  bloqueos=0  (257 s)
  [ 62/206] ALTA  AG   rep=25  colapso 15d15h05m (63.1 h desde el inicio)  causa=destino bloqueado  costo=81566  en plazo=99.8%  replan=63 (+0 por evento)  bloqueos=0  (159 s)
  [ 63/206] BAJA  AG   rep=23  colapso 04d22h15m (70.3 h desde el inicio)  causa=llegada tardía (a bordo)  costo=69462  en plazo=99.8%  replan=70 (+0 por evento)  bloqueos=0  (157 s)
  [ 64/206] MEDIA AG   rep=11  colapso 09d12h48m (84.8 h desde el inicio)  causa=llegada tardía (a bordo)  costo=109380  en plazo=99.9%  replan=84 (+0 por evento)  bloqueos=0  (189 s)
  [ 65/206] BAJA  AG   rep=7  CENSURADA en 27d00h00m (120.0 h desde el inicio)  causa=-  costo=132514  en plazo=100.0%  replan=119 (+0 por evento)  bloqueos=0  (266 s)
  [ 66/206] ALTA  TABU rep=8  colapso 03d14h17m (14.3 h desde el inicio)  causa=destino bloqueado  costo=10777  en plazo=98.7%  replan=14 (+0 por evento)  bloqueos=0  (29 s)
  [ 67/206] ALTA  AG   rep=7  colapso 12d20h05m (44.1 h desde el inicio)  causa=llegada tardía (a bordo)  costo=56929  en plazo=99.7%  replan=44 (+0 por evento)  bloqueos=0  (108 s)
  [ 68/206] ALTA  AG   rep=1  colapso 03d14h17m (38.3 h desde el inicio)  causa=destino bloqueado  costo=44498  en plazo=99.6%  replan=38 (+0 por evento)  bloqueos=0  (91 s)
  [ 69/206] ALTA  AG   rep=26  CENSURADA en 11d00h00m (120.0 h desde el inicio)  causa=-  costo=183996  en plazo=100.0%  replan=119 (+0 por evento)  bloqueos=0  (330 s)
  [ 70/206] BAJA  AG   rep=26  colapso 21d05h55m (5.9 h desde el inicio)  causa=destino bloqueado  costo=2045  en plazo=93.8%  replan=5 (+0 por evento)  bloqueos=0  (10 s)
  [ 71/206] ALTA  AG   rep=5  colapso 15d13h28m (85.5 h desde el inicio)  causa=llegada tardía (a bordo)  costo=121245  en plazo=99.9%  replan=85 (+0 por evento)  bloqueos=0  (224 s)
  [ 72/206] MEDIA TABU rep=2  CENSURADA en 22d00h00m (120.0 h desde el inicio)  causa=-  costo=183333  en plazo=100.0%  replan=120 (+0 por evento)  bloqueos=0  (286 s)
  [ 73/206] BAJA  AG   rep=17  colapso 21d05h55m (77.9 h desde el inicio)  causa=destino bloqueado  costo=80514  en plazo=99.8%  replan=77 (+0 por evento)  bloqueos=0  (167 s)
  [ 74/206] MEDIA AG   rep=19  CENSURADA en 10d00h00m (120.0 h desde el inicio)  causa=-  costo=170820  en plazo=100.0%  replan=119 (+0 por evento)  bloqueos=0  (271 s)
  [ 75/206] BAJA  AG   rep=1  CENSURADA en 18d00h00m (120.0 h desde el inicio)  causa=-  costo=124837  en plazo=100.0%  replan=119 (+0 por evento)  bloqueos=0  (261 s)
  [ 76/206] ALTA  TABU rep=20  colapso 12d20h05m (68.1 h desde el inicio)  causa=llegada tardía (a bordo)  costo=99450  en plazo=99.8%  replan=68 (+0 por evento)  bloqueos=0  (172 s)
  [ 77/206] BAJA  TABU rep=27  CENSURADA en 15d00h00m (120.0 h desde el inicio)  causa=-  costo=125452  en plazo=100.0%  replan=119 (+0 por evento)  bloqueos=0  (252 s)
  [ 78/206] ALTA  TABU rep=24  colapso 11d04h59m (77.0 h desde el inicio)  causa=llegada tardía (a bordo)  costo=110491  en plazo=99.9%  replan=76 (+0 por evento)  bloqueos=0  (197 s)
  [ 79/206] MEDIA AG   rep=5  CENSURADA en 10d00h00m (120.0 h desde el inicio)  causa=-  costo=156413  en plazo=100.0%  replan=119 (+0 por evento)  bloqueos=0  (267 s)
  [ 80/206] BAJA  AG   rep=8  CENSURADA en 17d00h00m (120.0 h desde el inicio)  causa=-  costo=145328  en plazo=100.0%  replan=119 (+0 por evento)  bloqueos=0  (270 s)
  [ 81/206] BAJA  TABU rep=4  colapso 06d06h22m (78.4 h desde el inicio)  causa=destino bloqueado  costo=85972  en plazo=99.8%  replan=78 (+0 por evento)  bloqueos=0  (175 s)
  [ 82/206] BAJA  AG   rep=9  CENSURADA en 13d00h00m (120.0 h desde el inicio)  causa=-  costo=136009  en plazo=100.0%  replan=119 (+0 por evento)  bloqueos=0  (263 s)
  [ 83/206] ALTA  TABU rep=17  colapso 05d16h19m (64.3 h desde el inicio)  causa=llegada tardía (a bordo)  costo=88043  en plazo=99.8%  replan=64 (+0 por evento)  bloqueos=0  (142 s)
  [ 84/206] ALTA  TABU rep=26  CENSURADA en 11d00h00m (120.0 h desde el inicio)  causa=-  costo=187966  en plazo=100.0%  replan=119 (+0 por evento)  bloqueos=0  (302 s)
  [ 85/206] ALTA  AG   rep=15  colapso 12d01h12m (73.2 h desde el inicio)  causa=llegada tardía (planificada)  costo=112698  en plazo=99.9%  replan=73 (+0 por evento)  bloqueos=0  (197 s)
  [ 86/206] MEDIA TABU rep=5  CENSURADA en 10d00h00m (120.0 h desde el inicio)  causa=-  costo=161006  en plazo=100.0%  replan=119 (+0 por evento)  bloqueos=0  (266 s)
  [ 87/206] BAJA  TABU rep=29  CENSURADA en 09d00h00m (120.0 h desde el inicio)  causa=-  costo=117546  en plazo=100.0%  replan=119 (+0 por evento)  bloqueos=0  (254 s)
  [ 88/206] MEDIA TABU rep=6  colapso 07d12h15m (108.3 h desde el inicio)  causa=llegada tardía (planificada)  costo=153864  en plazo=99.9%  replan=108 (+0 por evento)  bloqueos=0  (244 s)
  [ 89/206] BAJA  AG   rep=20  CENSURADA en 25d00h00m (120.0 h desde el inicio)  causa=-  costo=127214  en plazo=100.0%  replan=119 (+0 por evento)  bloqueos=0  (262 s)
  [ 90/206] BAJA  TABU rep=33  CENSURADA en 19d00h00m (120.0 h desde el inicio)  causa=-  costo=126410  en plazo=100.0%  replan=119 (+0 por evento)  bloqueos=0  (263 s)
  [ 91/206] BAJA  AG   rep=2  CENSURADA en 22d00h00m (120.0 h desde el inicio)  causa=-  costo=122510  en plazo=100.0%  replan=119 (+0 por evento)  bloqueos=0  (262 s)
  [ 92/206] BAJA  TABU rep=23  colapso 02d17h36m (17.6 h desde el inicio)  causa=destino bloqueado  costo=12958  en plazo=98.7%  replan=17 (+0 por evento)  bloqueos=0  (35 s)
  [ 93/206] MEDIA AG   rep=21  CENSURADA en 11d00h00m (120.0 h desde el inicio)  causa=-  costo=164778  en plazo=100.0%  replan=119 (+0 por evento)  bloqueos=0  (273 s)
  [ 94/206] BAJA  TABU rep=7  colapso 25d11h53m (83.9 h desde el inicio)  causa=llegada tardía (a bordo)  costo=87735  en plazo=99.8%  replan=83 (+0 por evento)  bloqueos=0  (183 s)
  [ 95/206] MEDIA AG   rep=7  colapso 19d20h54m (44.9 h desde el inicio)  causa=llegada tardía (planificada)  costo=50281  en plazo=99.7%  replan=44 (+0 por evento)  bloqueos=0  (94 s)
  [ 96/206] BAJA  TABU rep=11  CENSURADA en 12d00h00m (120.0 h desde el inicio)  causa=-  costo=122149  en plazo=100.0%  replan=119 (+0 por evento)  bloqueos=0  (253 s)
  [ 97/206] MEDIA AG   rep=15  colapso 13d12h16m (36.3 h desde el inicio)  causa=llegada tardía (a bordo)  costo=43651  en plazo=99.6%  replan=36 (+0 por evento)  bloqueos=0  (89 s)
  [ 98/206] MEDIA AG   rep=30  colapso 14d11h56m (35.9 h desde el inicio)  causa=llegada tardía (planificada)  costo=39653  en plazo=99.6%  replan=36 (+0 por evento)  bloqueos=0  (78 s)
  [ 99/206] MEDIA AG   rep=26  colapso 13d12h01m (108.0 h desde el inicio)  causa=llegada tardía (a bordo)  costo=153367  en plazo=99.9%  replan=108 (+0 por evento)  bloqueos=0  (258 s)
  [100/206] ALTA  TABU rep=9  colapso 12d13h40m (37.7 h desde el inicio)  causa=llegada tardía (a bordo)  costo=55270  en plazo=99.7%  replan=37 (+0 por evento)  bloqueos=0  (89 s)
  [101/206] MEDIA TABU rep=33  CENSURADA en 12d00h00m (120.0 h desde el inicio)  causa=-  costo=161879  en plazo=100.0%  replan=120 (+0 por evento)  bloqueos=0  (269 s)
  [102/206] ALTA  AG   rep=14  colapso 03d03h22m (51.4 h desde el inicio)  causa=destino bloqueado  costo=69183  en plazo=99.8%  replan=51 (+0 por evento)  bloqueos=0  (112 s)
  [103/206] ALTA  TABU rep=19  colapso 07d14h58m (39.0 h desde el inicio)  causa=llegada tardía (planificada)  costo=58944  en plazo=99.7%  replan=38 (+0 por evento)  bloqueos=0  (96 s)
  [104/206] ALTA  AG   rep=6  colapso 09d11h49m (59.8 h desde el inicio)  causa=llegada tardía (planificada)  costo=102384  en plazo=99.8%  replan=60 (+0 por evento)  bloqueos=0  (153 s)
  [105/206] BAJA  TABU rep=12  CENSURADA en 24d00h00m (120.0 h desde el inicio)  causa=-  costo=132158  en plazo=100.0%  replan=119 (+0 por evento)  bloqueos=0  (252 s)
  [106/206] MEDIA TABU rep=28  CENSURADA en 12d00h00m (120.0 h desde el inicio)  causa=-  costo=167881  en plazo=100.0%  replan=119 (+0 por evento)  bloqueos=0  (268 s)
  [107/206] BAJA  AG   rep=16  CENSURADA en 15d00h00m (120.0 h desde el inicio)  causa=-  costo=139627  en plazo=100.0%  replan=119 (+0 por evento)  bloqueos=0  (264 s)
  [108/206] MEDIA AG   rep=33  CENSURADA en 12d00h00m (120.0 h desde el inicio)  causa=-  costo=156103  en plazo=100.0%  replan=120 (+0 por evento)  bloqueos=0  (271 s)
  [109/206] MEDIA TABU rep=18  colapso 12d22h01m (118.0 h desde el inicio)  causa=destino bloqueado  costo=160908  en plazo=99.9%  replan=118 (+0 por evento)  bloqueos=0  (269 s)
  [110/206] MEDIA TABU rep=20  CENSURADA en 06d00h00m (120.0 h desde el inicio)  causa=-  costo=165039  en plazo=100.0%  replan=119 (+0 por evento)  bloqueos=0  (266 s)
  [111/206] ALTA  AG   rep=21  colapso 14d13h15m (61.3 h desde el inicio)  causa=llegada tardía (a bordo)  costo=85263  en plazo=99.8%  replan=61 (+0 por evento)  bloqueos=0  (149 s)
  [112/206] BAJA  AG   rep=35  CENSURADA en 12d00h00m (120.0 h desde el inicio)  causa=-  costo=135748  en plazo=100.0%  replan=119 (+0 por evento)  bloqueos=0  (261 s)
  [113/206] BAJA  AG   rep=4  colapso 06d06h22m (78.4 h desde el inicio)  causa=destino bloqueado  costo=85443  en plazo=99.8%  replan=78 (+0 por evento)  bloqueos=0  (174 s)
  [114/206] ALTA  TABU rep=6  colapso 09d05h39m (53.7 h desde el inicio)  causa=llegada tardía (planificada)  costo=89629  en plazo=99.8%  replan=54 (+0 por evento)  bloqueos=0  (130 s)
  [115/206] ALTA  TABU rep=23  colapso 06d13h39m (61.7 h desde el inicio)  causa=llegada tardía (planificada)  costo=92763  en plazo=99.8%  replan=61 (+0 por evento)  bloqueos=0  (139 s)
  [116/206] MEDIA AG   rep=16  colapso 06d21h35m (117.6 h desde el inicio)  causa=llegada tardía (planificada)  costo=168457  en plazo=99.9%  replan=117 (+0 por evento)  bloqueos=0  (267 s)
  [117/206] BAJA  AG   rep=33  CENSURADA en 19d00h00m (120.0 h desde el inicio)  causa=-  costo=125080  en plazo=100.0%  replan=119 (+0 por evento)  bloqueos=0  (264 s)
  [118/206] ALTA  TABU rep=25  colapso 15d15h05m (63.1 h desde el inicio)  causa=destino bloqueado  costo=82667  en plazo=99.8%  replan=63 (+0 por evento)  bloqueos=0  (152 s)
  [119/206] ALTA  AG   rep=8  colapso 03d14h17m (14.3 h desde el inicio)  causa=destino bloqueado  costo=10332  en plazo=98.6%  replan=14 (+0 por evento)  bloqueos=0  (29 s)
  [120/206] ALTA  TABU rep=28  colapso 07d05h21m (77.4 h desde el inicio)  causa=llegada tardía (planificada)  costo=127470  en plazo=99.9%  replan=77 (+0 por evento)  bloqueos=0  (191 s)
  [121/206] MEDIA TABU rep=16  CENSURADA en 07d00h00m (120.0 h desde el inicio)  causa=-  costo=175791  en plazo=100.0%  replan=119 (+0 por evento)  bloqueos=0  (268 s)
  [122/206] ALTA  TABU rep=16  colapso 17d12h03m (60.1 h desde el inicio)  causa=llegada tardía (planificada)  costo=79641  en plazo=99.8%  replan=60 (+0 por evento)  bloqueos=0  (139 s)
  [123/206] MEDIA TABU rep=1  CENSURADA en 19d00h00m (120.0 h desde el inicio)  causa=-  costo=162495  en plazo=100.0%  replan=119 (+0 por evento)  bloqueos=0  (262 s)
  [124/206] BAJA  TABU rep=8  CENSURADA en 17d00h00m (120.0 h desde el inicio)  causa=-  costo=149517  en plazo=100.0%  replan=119 (+0 por evento)  bloqueos=0  (270 s)
  [125/206] BAJA  AG   rep=18  CENSURADA en 11d00h00m (120.0 h desde el inicio)  causa=-  costo=115318  en plazo=100.0%  replan=119 (+0 por evento)  bloqueos=0  (253 s)
  [126/206] MEDIA TABU rep=7  colapso 20d15h51m (63.9 h desde el inicio)  causa=destino bloqueado  costo=77571  en plazo=99.8%  replan=63 (+0 por evento)  bloqueos=0  (138 s)
  [127/206] MEDIA TABU rep=3  colapso 20d15h51m (111.9 h desde el inicio)  causa=destino bloqueado  costo=145022  en plazo=99.9%  replan=111 (+0 por evento)  bloqueos=0  (240 s)
  [128/206] ALTA  TABU rep=3  CENSURADA en 10d00h00m (120.0 h desde el inicio)  causa=-  costo=193839  en plazo=100.0%  replan=120 (+0 por evento)  bloqueos=0  (293 s)
  [129/206] BAJA  AG   rep=34  CENSURADA en 14d00h00m (120.0 h desde el inicio)  causa=-  costo=121753  en plazo=100.0%  replan=119 (+0 por evento)  bloqueos=0  (250 s)
  [130/206] BAJA  TABU rep=32  CENSURADA en 23d00h00m (120.0 h desde el inicio)  causa=-  costo=120560  en plazo=100.0%  replan=119 (+0 por evento)  bloqueos=0  (258 s)
  [131/206] BAJA  TABU rep=5  CENSURADA en 07d00h00m (120.0 h desde el inicio)  causa=-  costo=113638  en plazo=100.0%  replan=119 (+0 por evento)  bloqueos=0  (251 s)
  [132/206] MEDIA TABU rep=8  colapso 08d11h47m (107.8 h desde el inicio)  causa=llegada tardía (a bordo)  costo=135889  en plazo=99.9%  replan=107 (+0 por evento)  bloqueos=0  (233 s)
  [133/206] BAJA  AG   rep=30  colapso 18d17h22m (89.4 h desde el inicio)  causa=destino bloqueado  costo=103935  en plazo=99.8%  replan=89 (+0 por evento)  bloqueos=0  (196 s)
  [134/206] BAJA  TABU rep=34  colapso 11d12h24m (60.4 h desde el inicio)  causa=llegada tardía (a bordo)  costo=58105  en plazo=99.7%  replan=60 (+0 por evento)  bloqueos=0  (125 s)
  [135/206] BAJA  TABU rep=14  colapso 06d06h22m (30.4 h desde el inicio)  causa=destino bloqueado  costo=26114  en plazo=99.4%  replan=30 (+0 por evento)  bloqueos=0  (62 s)
  [136/206] BAJA  TABU rep=10  CENSURADA en 08d00h00m (120.0 h desde el inicio)  causa=-  costo=120268  en plazo=100.0%  replan=119 (+0 por evento)  bloqueos=0  (256 s)
  [137/206] BAJA  TABU rep=13  colapso 06d06h22m (54.4 h desde el inicio)  causa=destino bloqueado  costo=56076  en plazo=99.7%  replan=54 (+0 por evento)  bloqueos=0  (120 s)
  [138/206] ALTA  AG   rep=10  colapso 18d21h08m (117.1 h desde el inicio)  causa=llegada tardía (planificada)  costo=181181  en plazo=99.9%  replan=117 (+0 por evento)  bloqueos=0  (301 s)
  [139/206] BAJA  AG   rep=32  CENSURADA en 23d00h00m (120.0 h desde el inicio)  causa=-  costo=119075  en plazo=100.0%  replan=119 (+0 por evento)  bloqueos=0  (258 s)
  [140/206] ALTA  TABU rep=2  colapso 11d20h31m (44.5 h desde el inicio)  causa=llegada tardía (a bordo)  costo=59436  en plazo=99.7%  replan=45 (+0 por evento)  bloqueos=0  (107 s)
  [141/206] MEDIA TABU rep=15  colapso 13d12h16m (36.3 h desde el inicio)  causa=llegada tardía (a bordo)  costo=44285  en plazo=99.6%  replan=36 (+0 por evento)  bloqueos=0  (83 s)
  [142/206] MEDIA TABU rep=22  CENSURADA en 14d00h00m (120.0 h desde el inicio)  causa=-  costo=160251  en plazo=100.0%  replan=119 (+0 por evento)  bloqueos=0  (272 s)
  [143/206] MEDIA TABU rep=10  colapso 12d22h01m (70.0 h desde el inicio)  causa=destino bloqueado  costo=86805  en plazo=99.8%  replan=70 (+0 por evento)  bloqueos=0  (160 s)
  [144/206] BAJA  AG   rep=6  CENSURADA en 28d00h00m (120.0 h desde el inicio)  causa=-  costo=142881  en plazo=100.0%  replan=120 (+0 por evento)  bloqueos=0  (264 s)
  [145/206] BAJA  TABU rep=36  CENSURADA en 13d00h00m (120.0 h desde el inicio)  causa=-  costo=125451  en plazo=100.0%  replan=119 (+0 por evento)  bloqueos=0  (251 s)
  [146/206] BAJA  AG   rep=5  colapso 03d19h39m (43.7 h desde el inicio)  causa=llegada tardía (a bordo)  costo=28559  en plazo=99.5%  replan=43 (+0 por evento)  bloqueos=0  (88 s)
  [147/206] ALTA  TABU rep=22  colapso 03d14h17m (62.3 h desde el inicio)  causa=destino bloqueado  costo=90223  en plazo=99.8%  replan=62 (+0 por evento)  bloqueos=0  (149 s)
  [148/206] BAJA  TABU rep=22  CENSURADA en 17d00h00m (120.0 h desde el inicio)  causa=-  costo=124784  en plazo=100.0%  replan=119 (+0 por evento)  bloqueos=0  (255 s)
  [149/206] BAJA  TABU rep=25  CENSURADA en 26d00h00m (120.0 h desde el inicio)  causa=-  costo=136922  en plazo=100.0%  replan=119 (+0 por evento)  bloqueos=0  (265 s)
  [150/206] MEDIA TABU rep=32  CENSURADA en 19d00h00m (120.0 h desde el inicio)  causa=-  costo=189104  en plazo=100.0%  replan=119 (+0 por evento)  bloqueos=0  (276 s)
  [151/206] MEDIA TABU rep=26  colapso 10d03h53m (27.9 h desde el inicio)  causa=llegada tardía (planificada)  costo=24742  en plazo=99.4%  replan=27 (+0 por evento)  bloqueos=0  (58 s)
  [152/206] BAJA  AG   rep=39  colapso 18d17h22m (113.4 h desde el inicio)  causa=destino bloqueado  costo=134466  en plazo=99.9%  replan=113 (+0 por evento)  bloqueos=0  (253 s)
  [153/206] ALTA  TABU rep=27  colapso 11d06h15m (54.3 h desde el inicio)  causa=llegada tardía (planificada)  costo=78641  en plazo=99.8%  replan=54 (+0 por evento)  bloqueos=0  (139 s)
  [154/206] BAJA  TABU rep=1  CENSURADA en 18d00h00m (120.0 h desde el inicio)  causa=-  costo=126484  en plazo=100.0%  replan=119 (+0 por evento)  bloqueos=0  (262 s)
  [155/206] BAJA  AG   rep=15  CENSURADA en 10d00h00m (120.0 h desde el inicio)  causa=-  costo=113131  en plazo=100.0%  replan=119 (+0 por evento)  bloqueos=0  (255 s)
  [156/206] BAJA  AG   rep=25  CENSURADA en 26d00h00m (120.0 h desde el inicio)  causa=-  costo=130883  en plazo=100.0%  replan=119 (+0 por evento)  bloqueos=0  (262 s)
  [157/206] MEDIA AG   rep=1  CENSURADA en 19d00h00m (120.0 h desde el inicio)  causa=-  costo=161671  en plazo=100.0%  replan=119 (+0 por evento)  bloqueos=0  (264 s)
  [158/206] ALTA  TABU rep=5  colapso 15d15h05m (87.1 h desde el inicio)  causa=destino bloqueado  costo=125489  en plazo=99.9%  replan=87 (+0 por evento)  bloqueos=0  (213 s)
  [159/206] ALTA  AG   rep=22  colapso 02d20h50m (44.8 h desde el inicio)  causa=llegada tardía (a bordo)  costo=55098  en plazo=99.7%  replan=44 (+0 por evento)  bloqueos=0  (109 s)
  [160/206] MEDIA AG   rep=25  colapso 17d20h08m (44.1 h desde el inicio)  causa=llegada tardía (planificada)  costo=56840  en plazo=99.7%  replan=44 (+0 por evento)  bloqueos=0  (109 s)
  [161/206] BAJA  TABU rep=6  CENSURADA en 28d00h00m (120.0 h desde el inicio)  causa=-  costo=144419  en plazo=100.0%  replan=120 (+0 por evento)  bloqueos=0  (263 s)
  [162/206] BAJA  TABU rep=39  colapso 18d17h22m (113.4 h desde el inicio)  causa=destino bloqueado  costo=138951  en plazo=99.9%  replan=113 (+0 por evento)  bloqueos=0  (255 s)
  [163/206] BAJA  AG   rep=14  colapso 06d06h22m (30.4 h desde el inicio)  causa=destino bloqueado  costo=25177  en plazo=99.4%  replan=30 (+0 por evento)  bloqueos=0  (63 s)
  [164/206] MEDIA AG   rep=2  CENSURADA en 22d00h00m (120.0 h desde el inicio)  causa=-  costo=177375  en plazo=100.0%  replan=120 (+0 por evento)  bloqueos=0  (291 s)
  [165/206] BAJA  AG   rep=3  CENSURADA en 22d00h00m (120.0 h desde el inicio)  causa=-  costo=131505  en plazo=100.0%  replan=120 (+0 por evento)  bloqueos=0  (257 s)
  [166/206] MEDIA TABU rep=31  CENSURADA en 09d00h00m (120.0 h desde el inicio)  causa=-  costo=179771  en plazo=100.0%  replan=119 (+0 por evento)  bloqueos=0  (266 s)
  [167/206] BAJA  AG   rep=12  CENSURADA en 24d00h00m (120.0 h desde el inicio)  causa=-  costo=127832  en plazo=100.0%  replan=119 (+0 por evento)  bloqueos=0  (252 s)
  [168/206] ALTA  TABU rep=4  colapso 07d05h21m (53.4 h desde el inicio)  causa=llegada tardía (planificada)  costo=79144  en plazo=99.8%  replan=54 (+0 por evento)  bloqueos=0  (132 s)
  [169/206] ALTA  TABU rep=18  colapso 11d12h52m (84.9 h desde el inicio)  causa=llegada tardía (planificada)  costo=131526  en plazo=99.9%  replan=85 (+0 por evento)  bloqueos=0  (205 s)
  [170/206] BAJA  AG   rep=38  CENSURADA en 16d00h00m (120.0 h desde el inicio)  causa=-  costo=143210  en plazo=100.0%  replan=119 (+0 por evento)  bloqueos=0  (270 s)
  [171/206] MEDIA TABU rep=14  colapso 20d15h51m (87.9 h desde el inicio)  causa=destino bloqueado  costo=110169  en plazo=99.9%  replan=87 (+0 por evento)  bloqueos=0  (189 s)
  [172/206] BAJA  AG   rep=36  CENSURADA en 13d00h00m (120.0 h desde el inicio)  causa=-  costo=118032  en plazo=100.0%  replan=119 (+0 por evento)  bloqueos=0  (251 s)
  [173/206] BAJA  TABU rep=18  CENSURADA en 11d00h00m (120.0 h desde el inicio)  causa=-  costo=120694  en plazo=100.0%  replan=119 (+0 por evento)  bloqueos=0  (256 s)
  [174/206] MEDIA AG   rep=18  colapso 12d22h01m (118.0 h desde el inicio)  causa=destino bloqueado  costo=160005  en plazo=99.9%  replan=118 (+0 por evento)  bloqueos=0  (273 s)
  [175/206] MEDIA TABU rep=24  CENSURADA en 17d00h00m (120.0 h desde el inicio)  causa=-  costo=175355  en plazo=100.0%  replan=119 (+0 por evento)  bloqueos=0  (279 s)
  [176/206] ALTA  TABU rep=15  colapso 11d20h31m (68.5 h desde el inicio)  causa=llegada tardía (planificada)  costo=101884  en plazo=99.8%  replan=68 (+0 por evento)  bloqueos=0  (167 s)
  [177/206] ALTA  TABU rep=13  CENSURADA en 12d00h00m (120.0 h desde el inicio)  causa=-  costo=183093  en plazo=100.0%  replan=119 (+0 por evento)  bloqueos=0  (308 s)
  [178/206] ALTA  AG   rep=19  colapso 07d13h33m (37.6 h desde el inicio)  causa=llegada tardía (planificada)  costo=55789  en plazo=99.7%  replan=37 (+0 por evento)  bloqueos=0  (97 s)
  [179/206] BAJA  TABU rep=3  colapso 18d17h22m (41.4 h desde el inicio)  causa=destino bloqueado  costo=38824  en plazo=99.6%  replan=42 (+0 por evento)  bloqueos=0  (88 s)
  [180/206] BAJA  TABU rep=31  colapso 06d06h22m (6.4 h desde el inicio)  causa=destino bloqueado  costo=3120  en plazo=94.1%  replan=6 (+0 por evento)  bloqueos=0  (12 s)
  [181/206] MEDIA AG   rep=29  colapso 15d12h14m (60.2 h desde el inicio)  causa=llegada tardía (planificada)  costo=85987  en plazo=99.8%  replan=61 (+0 por evento)  bloqueos=0  (149 s)
  [182/206] BAJA  AG   rep=31  colapso 06d06h22m (6.4 h desde el inicio)  causa=destino bloqueado  costo=2906  en plazo=94.7%  replan=6 (+0 por evento)  bloqueos=0  (12 s)
  [183/206] ALTA  AG   rep=12  colapso 03d03h22m (27.4 h desde el inicio)  causa=destino bloqueado  costo=25437  en plazo=99.4%  replan=28 (+0 por evento)  bloqueos=0  (60 s)
  [184/206] ALTA  AG   rep=17  colapso 05d05h26m (53.4 h desde el inicio)  causa=llegada tardía (planificada)  costo=66989  en plazo=99.8%  replan=53 (+0 por evento)  bloqueos=0  (117 s)
  [185/206] MEDIA TABU rep=13  CENSURADA en 16d00h00m (120.0 h desde el inicio)  causa=-  costo=168803  en plazo=100.0%  replan=119 (+0 por evento)  bloqueos=0  (269 s)
  [186/206] MEDIA TABU rep=35  CENSURADA en 20d00h00m (120.0 h desde el inicio)  causa=-  costo=190745  en plazo=100.0%  replan=119 (+0 por evento)  bloqueos=0  (284 s)
  [187/206] MEDIA AG   rep=24  CENSURADA en 17d00h00m (120.0 h desde el inicio)  causa=-  costo=170709  en plazo=100.0%  replan=119 (+0 por evento)  bloqueos=0  (288 s)
  [188/206] MEDIA TABU rep=11  CENSURADA en 11d00h00m (120.0 h desde el inicio)  causa=-  costo=165849  en plazo=100.0%  replan=119 (+0 por evento)  bloqueos=0  (268 s)
  [189/206] MEDIA AG   rep=9  CENSURADA en 07d00h00m (120.0 h desde el inicio)  causa=-  costo=151590  en plazo=100.0%  replan=119 (+0 por evento)  bloqueos=0  (261 s)
  [190/206] MEDIA AG   rep=28  CENSURADA en 12d00h00m (120.0 h desde el inicio)  causa=-  costo=164583  en plazo=100.0%  replan=119 (+0 por evento)  bloqueos=0  (269 s)
  [191/206] MEDIA AG   rep=10  colapso 12d22h01m (70.0 h desde el inicio)  causa=destino bloqueado  costo=88018  en plazo=99.8%  replan=70 (+0 por evento)  bloqueos=0  (161 s)
  [192/206] BAJA  TABU rep=38  CENSURADA en 16d00h00m (120.0 h desde el inicio)  causa=-  costo=149549  en plazo=100.0%  replan=119 (+0 por evento)  bloqueos=0  (271 s)
  [193/206] BAJA  TABU rep=28  CENSURADA en 06d00h00m (120.0 h desde el inicio)  causa=-  costo=115238  en plazo=100.0%  replan=119 (+0 por evento)  bloqueos=0  (253 s)
  [194/206] MEDIA AG   rep=13  CENSURADA en 16d00h00m (120.0 h desde el inicio)  causa=-  costo=166932  en plazo=100.0%  replan=119 (+0 por evento)  bloqueos=0  (268 s)
  [195/206] BAJA  AG   rep=19  CENSURADA en 27d00h00m (120.0 h desde el inicio)  causa=-  costo=126526  en plazo=100.0%  replan=119 (+0 por evento)  bloqueos=0  (256 s)
  [196/206] ALTA  AG   rep=27  colapso 10d10h21m (34.4 h desde el inicio)  causa=llegada tardía (planificada)  costo=42545  en plazo=99.6%  replan=34 (+0 por evento)  bloqueos=0  (86 s)
  [197/206] BAJA  TABU rep=9  CENSURADA en 13d00h00m (120.0 h desde el inicio)  causa=-  costo=138767  en plazo=100.0%  replan=119 (+0 por evento)  bloqueos=0  (266 s)
  [198/206] BAJA  TABU rep=17  CENSURADA en 23d00h00m (120.0 h desde el inicio)  causa=-  costo=132141  en plazo=100.0%  replan=119 (+0 por evento)  bloqueos=0  (255 s)
  [199/206] ALTA  AG   rep=2  colapso 11d22h08m (46.1 h desde el inicio)  causa=llegada tardía (a bordo)  costo=58706  en plazo=99.7%  replan=47 (+0 por evento)  bloqueos=0  (119 s)
  [200/206] MEDIA AG   rep=20  CENSURADA en 06d00h00m (120.0 h desde el inicio)  causa=-  costo=164157  en plazo=100.0%  replan=119 (+0 por evento)  bloqueos=0  (273 s)
  [201/206] ALTA  AG   rep=3  colapso 06d21h11m (45.2 h desde el inicio)  causa=llegada tardía (planificada)  costo=68150  en plazo=99.8%  replan=46 (+0 por evento)  bloqueos=0  (107 s)
  [202/206] MEDIA TABU rep=21  CENSURADA en 11d00h00m (120.0 h desde el inicio)  causa=-  costo=164602  en plazo=100.0%  replan=119 (+0 por evento)  bloqueos=0  (269 s)
  [203/206] MEDIA TABU rep=4  CENSURADA en 13d00h00m (120.0 h desde el inicio)  causa=-  costo=154491  en plazo=100.0%  replan=119 (+0 por evento)  bloqueos=0  (264 s)
  [204/206] BAJA  AG   rep=22  CENSURADA en 17d00h00m (120.0 h desde el inicio)  causa=-  costo=120835  en plazo=100.0%  replan=119 (+0 por evento)  bloqueos=0  (251 s)
  [205/206] BAJA  TABU rep=30  CENSURADA en 20d00h00m (120.0 h desde el inicio)  causa=-  costo=143943  en plazo=100.0%  replan=119 (+0 por evento)  bloqueos=0  (258 s)
  [206/206] ALTA  AG   rep=20  CENSURADA en 15d00h00m (120.0 h desde el inicio)  causa=-  costo=183068  en plazo=100.0%  replan=119 (+0 por evento)  bloqueos=0  (303 s)

=== Resumen por combinación ===
Combinación   n  colapso (h) censuradas    costo medio    % plazo
MEDIA AG     35       299.45         20         135996      99.9%
BAJA AG      40       362.85         30         108908      99.7%
ALTA AG      28       220.88          2          93305      99.8%
ALTA TABU    28       222.56          3          95821      99.8%
BAJA TABU    40       359.39         29         108325      99.6%
MEDIA TABU   35       305.34         23         148111      99.9%

Resultados guardados en: C:\Users\MARIA GRACIA\Downloads\JL\DP1\PaqRap\PaqRap\verificacion_etapa28\experimento_oficial_SIM_5D.csv
