=== Modo simulación, escenario SIM_5D (pedidos base: juego_de_datos\ventas.v20260909-20260928T011657Z-1-001\ventas.v20260909\ventas.202609.txt) ===
Sa = 60 min, Ta = 2000 ms, horizonte = 7200 min; bloqueos: juego_de_datos\bloqueos.v20260909-20260928T011612Z-1-001\bloqueos.v20260909\bloqueo.2609.txt (558); almacenes intermedios: sí; averías: no; parciales: urgentes; alimentación: sí; AG con búsqueda local: sí

=== Capacidad teórica diaria de la flota ===
  d̄ (ida y vuelta) = 68.13 km; T = 21 h; horas de entrega = 1.0
  Tipo       n   q  v(km/h)  q̄_k   e_k   t_k(h)  viajes/día  paquetes/día
  AUTO      10  24    40.0   5.50  4.36    6.07           3           720
  MOTO      15   8    25.0   4.53  1.77    4.49           4           480
  BICICLETA 12   4    12.0   2.47  1.62    7.30           2            96
  C_max propio = 1296 paquetes/día | hoja auxiliar = 1536 | se usa: propio

=== Niveles de carga (30 días; archivos en C:\Users\MARIA GRACIA\Downloads\JL\DP1\PaqRap\PaqRap\juego_de_datos\ventas.v20260909-20260928T011657Z-1-001\ventas.v20260909\generados) ===
Situaciones: ventanas reales de 5 días de los meses 202609 a 202702 (la misma para TABU y AG)
  BAJA   meses [202609, 202610]: 40 ventanas (paso 1 días, semilla 2027); carga media 78% de C_max
  AVISO: el nivel MEDIA tiene solo 35 ventanas (se pidieron 40); se usan todas. Para más, use --paso-ventana 1 o amplíe los meses.
  MEDIA  meses [202611, 202612]: 35 ventanas (paso 1 días, semilla 2028); carga media 98% de C_max
  AVISO: el nivel ALTA tiene solo 28 ventanas (se pidieron 40); se usan todas. Para más, use --paso-ventana 1 o amplíe los meses.
  ALTA   meses [202701, 202702]: 28 ventanas (paso 1 días, semilla 2029); carga media 115% de C_max

Hashes de entrada guardados en C:\Users\MARIA GRACIA\Downloads\JL\DP1\PaqRap\PaqRap\Resultados\corrida2_semilla2000\experimento_oficial_SIM_5D_hashes.txt

=== Ejecutando 206 corridas ===
  [  1/206] MEDIA AG   rep=34  colapso 12d22h01m (46.0 h desde el inicio)  causa=destino bloqueado  costo=49841  en plazo=99.7%  replan=46 (+0 por evento)  bloqueos=0  (107 s)
  [  2/206] BAJA  AG   rep=40  CENSURADA en 25d00h00m (120.0 h desde el inicio)  causa=-  costo=119342  en plazo=100.0%  replan=119 (+0 por evento)  bloqueos=0  (254 s)
  [  3/206] MEDIA AG   rep=22  CENSURADA en 14d00h00m (120.0 h desde el inicio)  causa=-  costo=156507  en plazo=100.0%  replan=119 (+0 por evento)  bloqueos=0  (279 s)
  [  4/206] MEDIA AG   rep=6  CENSURADA en 08d00h00m (120.0 h desde el inicio)  causa=-  costo=180996  en plazo=100.0%  replan=119 (+0 por evento)  bloqueos=0  (280 s)
  [  5/206] MEDIA AG   rep=17  CENSURADA en 20d00h00m (120.0 h desde el inicio)  causa=-  costo=162110  en plazo=100.0%  replan=119 (+0 por evento)  bloqueos=0  (263 s)
  [  6/206] ALTA  AG   rep=4  colapso 07d05h21m (53.4 h desde el inicio)  causa=llegada tardía (planificada)  costo=79278  en plazo=99.8%  replan=54 (+0 por evento)  bloqueos=0  (147 s)
  [  7/206] ALTA  TABU rep=7  CENSURADA en 16d00h00m (120.0 h desde el inicio)  causa=-  costo=181388  en plazo=100.0%  replan=119 (+0 por evento)  bloqueos=0  (304 s)
  [  8/206] ALTA  AG   rep=24  colapso 11d05h29m (77.5 h desde el inicio)  causa=llegada tardía (planificada)  costo=109138  en plazo=99.9%  replan=77 (+0 por evento)  bloqueos=0  (218 s)
  [  9/206] BAJA  TABU rep=26  colapso 21d05h55m (5.9 h desde el inicio)  causa=destino bloqueado  costo=2946  en plazo=94.7%  replan=5 (+0 por evento)  bloqueos=0  (10 s)
  [ 10/206] MEDIA TABU rep=29  colapso 15d11h06m (59.1 h desde el inicio)  causa=llegada tardía (a bordo)  costo=83412  en plazo=99.8%  replan=60 (+0 por evento)  bloqueos=0  (142 s)
  [ 11/206] BAJA  AG   rep=28  colapso 01d11h55m (11.9 h desde el inicio)  causa=llegada tardía (a bordo)  costo=5334  en plazo=97.6%  replan=11 (+0 por evento)  bloqueos=0  (22 s)
  [ 12/206] ALTA  TABU rep=21  colapso 14d13h02m (61.0 h desde el inicio)  causa=llegada tardía (a bordo)  costo=83718  en plazo=99.8%  replan=61 (+0 por evento)  bloqueos=0  (141 s)
  [ 13/206] ALTA  TABU rep=11  colapso 14d22h07m (46.1 h desde el inicio)  causa=llegada tardía (planificada)  costo=65689  en plazo=99.7%  replan=47 (+0 por evento)  bloqueos=0  (109 s)
  [ 14/206] BAJA  TABU rep=21  CENSURADA en 16d00h00m (120.0 h desde el inicio)  causa=-  costo=125765  en plazo=100.0%  replan=119 (+0 por evento)  bloqueos=0  (251 s)
  [ 15/206] BAJA  TABU rep=24  CENSURADA en 21d00h00m (120.0 h desde el inicio)  causa=-  costo=142721  en plazo=100.0%  replan=119 (+0 por evento)  bloqueos=0  (257 s)
  [ 16/206] MEDIA TABU rep=25  CENSURADA en 21d00h00m (120.0 h desde el inicio)  causa=-  costo=185764  en plazo=100.0%  replan=119 (+0 por evento)  bloqueos=0  (285 s)
  [ 17/206] MEDIA AG   rep=12  CENSURADA en 06d00h00m (120.0 h desde el inicio)  causa=-  costo=148817  en plazo=100.0%  replan=119 (+0 por evento)  bloqueos=0  (259 s)
  [ 18/206] BAJA  AG   rep=10  CENSURADA en 08d00h00m (120.0 h desde el inicio)  causa=-  costo=111245  en plazo=100.0%  replan=119 (+0 por evento)  bloqueos=0  (254 s)
  [ 19/206] MEDIA AG   rep=3  colapso 19d20h16m (92.3 h desde el inicio)  causa=llegada tardía (planificada)  costo=113248  en plazo=99.9%  replan=92 (+0 por evento)  bloqueos=0  (199 s)
  [ 20/206] MEDIA TABU rep=23  CENSURADA en 08d00h00m (120.0 h desde el inicio)  causa=-  costo=148600  en plazo=100.0%  replan=119 (+0 por evento)  bloqueos=0  (260 s)
  [ 21/206] ALTA  TABU rep=12  colapso 03d03h22m (27.4 h desde el inicio)  causa=destino bloqueado  costo=29064  en plazo=99.5%  replan=28 (+0 por evento)  bloqueos=0  (60 s)
  [ 22/206] MEDIA TABU rep=12  CENSURADA en 06d00h00m (120.0 h desde el inicio)  causa=-  costo=150315  en plazo=100.0%  replan=119 (+0 por evento)  bloqueos=0  (260 s)
  [ 23/206] ALTA  TABU rep=14  colapso 03d03h22m (51.4 h desde el inicio)  causa=destino bloqueado  costo=72558  en plazo=99.8%  replan=51 (+0 por evento)  bloqueos=0  (111 s)
  [ 24/206] MEDIA AG   rep=35  CENSURADA en 20d00h00m (120.0 h desde el inicio)  causa=-  costo=188316  en plazo=100.0%  replan=119 (+0 por evento)  bloqueos=0  (293 s)
  [ 25/206] BAJA  TABU rep=37  CENSURADA en 20d00h00m (120.0 h desde el inicio)  causa=-  costo=130761  en plazo=100.0%  replan=119 (+0 por evento)  bloqueos=0  (264 s)
  [ 26/206] BAJA  TABU rep=16  CENSURADA en 15d00h00m (120.0 h desde el inicio)  causa=-  costo=147293  en plazo=100.0%  replan=119 (+0 por evento)  bloqueos=0  (264 s)
  [ 27/206] ALTA  AG   rep=18  colapso 09d03h48m (27.8 h desde el inicio)  causa=llegada tardía (a bordo)  costo=34027  en plazo=99.5%  replan=28 (+0 por evento)  bloqueos=0  (62 s)
  [ 28/206] MEDIA TABU rep=19  colapso 06d21h35m (45.6 h desde el inicio)  causa=llegada tardía (a bordo)  costo=55968  en plazo=99.7%  replan=45 (+0 por evento)  bloqueos=0  (100 s)
  [ 29/206] MEDIA AG   rep=8  CENSURADA en 09d00h00m (120.0 h desde el inicio)  causa=-  costo=151635  en plazo=100.0%  replan=119 (+0 por evento)  bloqueos=0  (265 s)
  [ 30/206] BAJA  TABU rep=20  CENSURADA en 25d00h00m (120.0 h desde el inicio)  causa=-  costo=127069  en plazo=100.0%  replan=119 (+0 por evento)  bloqueos=0  (263 s)
  [ 31/206] MEDIA AG   rep=31  CENSURADA en 09d00h00m (120.0 h desde el inicio)  causa=-  costo=175014  en plazo=100.0%  replan=119 (+0 por evento)  bloqueos=0  (271 s)
  [ 32/206] MEDIA TABU rep=30  CENSURADA en 18d00h00m (120.0 h desde el inicio)  causa=-  costo=187907  en plazo=100.0%  replan=120 (+0 por evento)  bloqueos=0  (288 s)
  [ 33/206] ALTA  AG   rep=13  CENSURADA en 12d00h00m (120.0 h desde el inicio)  causa=-  costo=185232  en plazo=100.0%  replan=119 (+0 por evento)  bloqueos=0  (333 s)
  [ 34/206] ALTA  TABU rep=10  CENSURADA en 19d00h00m (120.0 h desde el inicio)  causa=-  costo=188438  en plazo=100.0%  replan=119 (+0 por evento)  bloqueos=0  (291 s)
  [ 35/206] BAJA  AG   rep=37  CENSURADA en 20d00h00m (120.0 h desde el inicio)  causa=-  costo=127554  en plazo=100.0%  replan=119 (+0 por evento)  bloqueos=0  (268 s)
  [ 36/206] MEDIA TABU rep=34  colapso 13d12h01m (60.0 h desde el inicio)  causa=llegada tardía (planificada)  costo=77022  en plazo=99.8%  replan=60 (+0 por evento)  bloqueos=0  (143 s)
  [ 37/206] BAJA  TABU rep=2  CENSURADA en 22d00h00m (120.0 h desde el inicio)  causa=-  costo=128368  en plazo=100.0%  replan=119 (+0 por evento)  bloqueos=0  (263 s)
  [ 38/206] MEDIA AG   rep=27  colapso 11d21h04m (45.1 h desde el inicio)  causa=llegada tardía (planificada)  costo=52412  en plazo=99.7%  replan=45 (+0 por evento)  bloqueos=0  (99 s)
  [ 39/206] BAJA  AG   rep=21  CENSURADA en 16d00h00m (120.0 h desde el inicio)  causa=-  costo=123358  en plazo=100.0%  replan=119 (+0 por evento)  bloqueos=0  (252 s)
  [ 40/206] MEDIA TABU rep=17  colapso 19d20h16m (116.3 h desde el inicio)  causa=llegada tardía (planificada)  costo=156377  en plazo=99.9%  replan=116 (+0 por evento)  bloqueos=0  (253 s)
  [ 41/206] BAJA  AG   rep=13  colapso 06d06h22m (54.4 h desde el inicio)  causa=destino bloqueado  costo=56633  en plazo=99.7%  replan=54 (+0 por evento)  bloqueos=0  (119 s)
  [ 42/206] BAJA  AG   rep=27  CENSURADA en 15d00h00m (120.0 h desde el inicio)  causa=-  costo=120266  en plazo=100.0%  replan=119 (+0 por evento)  bloqueos=0  (249 s)
  [ 43/206] MEDIA AG   rep=4  colapso 11d21h04m (93.1 h desde el inicio)  causa=llegada tardía (planificada)  costo=116622  en plazo=99.9%  replan=93 (+0 por evento)  bloqueos=0  (210 s)
  [ 44/206] MEDIA AG   rep=14  colapso 20d15h51m (87.9 h desde el inicio)  causa=destino bloqueado  costo=107456  en plazo=99.9%  replan=87 (+0 por evento)  bloqueos=0  (191 s)
  [ 45/206] BAJA  AG   rep=29  CENSURADA en 09d00h00m (120.0 h desde el inicio)  causa=-  costo=107822  en plazo=100.0%  replan=119 (+0 por evento)  bloqueos=0  (253 s)
  [ 46/206] BAJA  TABU rep=40  CENSURADA en 25d00h00m (120.0 h desde el inicio)  causa=-  costo=126607  en plazo=100.0%  replan=119 (+0 por evento)  bloqueos=0  (253 s)
  [ 47/206] ALTA  AG   rep=23  colapso 05d15h00m (39.0 h desde el inicio)  causa=llegada tardía (planificada)  costo=46923  en plazo=99.7%  replan=39 (+0 por evento)  bloqueos=0  (85 s)
  [ 48/206] ALTA  AG   rep=28  colapso 07d05h21m (77.4 h desde el inicio)  causa=llegada tardía (planificada)  costo=125438  en plazo=99.9%  replan=77 (+0 por evento)  bloqueos=0  (200 s)
  [ 49/206] BAJA  TABU rep=15  CENSURADA en 10d00h00m (120.0 h desde el inicio)  causa=-  costo=115913  en plazo=100.0%  replan=119 (+0 por evento)  bloqueos=0  (256 s)
  [ 50/206] MEDIA TABU rep=9  CENSURADA en 07d00h00m (120.0 h desde el inicio)  causa=-  costo=152759  en plazo=100.0%  replan=119 (+0 por evento)  bloqueos=0  (263 s)
  [ 51/206] BAJA  TABU rep=35  CENSURADA en 12d00h00m (120.0 h desde el inicio)  causa=-  costo=138057  en plazo=100.0%  replan=119 (+0 por evento)  bloqueos=0  (262 s)
  [ 52/206] MEDIA TABU rep=27  CENSURADA en 15d00h00m (120.0 h desde el inicio)  causa=-  costo=165852  en plazo=100.0%  replan=119 (+0 por evento)  bloqueos=0  (271 s)
  [ 53/206] MEDIA AG   rep=32  colapso 16d22h04m (70.1 h desde el inicio)  causa=llegada tardía (planificada)  costo=97564  en plazo=99.8%  replan=70 (+0 por evento)  bloqueos=0  (172 s)
  [ 54/206] ALTA  TABU rep=1  colapso 03d14h17m (38.3 h desde el inicio)  causa=destino bloqueado  costo=46157  en plazo=99.6%  replan=38 (+0 por evento)  bloqueos=0  (88 s)
  [ 55/206] ALTA  AG   rep=11  colapso 14d13h15m (37.3 h desde el inicio)  causa=llegada tardía (planificada)  costo=44924  en plazo=99.6%  replan=38 (+0 por evento)  bloqueos=0  (91 s)
  [ 56/206] ALTA  AG   rep=9  colapso 14d13h02m (85.0 h desde el inicio)  causa=llegada tardía (a bordo)  costo=136704  en plazo=99.9%  replan=85 (+0 por evento)  bloqueos=0  (215 s)
  [ 57/206] BAJA  AG   rep=11  CENSURADA en 12d00h00m (120.0 h desde el inicio)  causa=-  costo=115662  en plazo=100.0%  replan=119 (+0 por evento)  bloqueos=0  (253 s)
  [ 58/206] BAJA  TABU rep=19  CENSURADA en 27d00h00m (120.0 h desde el inicio)  causa=-  costo=130744  en plazo=100.0%  replan=119 (+0 por evento)  bloqueos=0  (258 s)
  [ 59/206] MEDIA AG   rep=23  colapso 06d20h02m (92.0 h desde el inicio)  causa=llegada tardía (planificada)  costo=110591  en plazo=99.9%  replan=92 (+0 por evento)  bloqueos=0  (201 s)
  [ 60/206] ALTA  AG   rep=16  colapso 16d21h07m (45.1 h desde el inicio)  causa=llegada tardía (planificada)  costo=57445  en plazo=99.7%  replan=45 (+0 por evento)  bloqueos=0  (101 s)
  [ 61/206] BAJA  AG   rep=24  colapso 18d17h22m (65.4 h desde el inicio)  causa=destino bloqueado  costo=69923  en plazo=99.8%  replan=65 (+0 por evento)  bloqueos=0  (140 s)
  [ 62/206] ALTA  AG   rep=25  CENSURADA en 18d00h00m (120.0 h desde el inicio)  causa=-  costo=186178  en plazo=100.0%  replan=119 (+0 por evento)  bloqueos=0  (306 s)
  [ 63/206] BAJA  AG   rep=23  colapso 02d17h36m (17.6 h desde el inicio)  causa=destino bloqueado  costo=10519  en plazo=98.8%  replan=17 (+0 por evento)  bloqueos=0  (35 s)
  [ 64/206] MEDIA AG   rep=11  CENSURADA en 11d00h00m (120.0 h desde el inicio)  causa=-  costo=162021  en plazo=100.0%  replan=119 (+0 por evento)  bloqueos=0  (269 s)
  [ 65/206] BAJA  AG   rep=7  CENSURADA en 27d00h00m (120.0 h desde el inicio)  causa=-  costo=132597  en plazo=100.0%  replan=119 (+0 por evento)  bloqueos=0  (265 s)
  [ 66/206] ALTA  TABU rep=8  colapso 03d14h17m (14.3 h desde el inicio)  causa=destino bloqueado  costo=12631  en plazo=98.8%  replan=14 (+0 por evento)  bloqueos=0  (29 s)
  [ 67/206] ALTA  AG   rep=7  CENSURADA en 16d00h00m (120.0 h desde el inicio)  causa=-  costo=183344  en plazo=100.0%  replan=119 (+0 por evento)  bloqueos=0  (315 s)
  [ 68/206] ALTA  AG   rep=1  colapso 03d14h17m (38.3 h desde el inicio)  causa=destino bloqueado  costo=47798  en plazo=99.6%  replan=38 (+0 por evento)  bloqueos=0  (88 s)
  [ 69/206] ALTA  AG   rep=26  CENSURADA en 11d00h00m (120.0 h desde el inicio)  causa=-  costo=186621  en plazo=100.0%  replan=119 (+0 por evento)  bloqueos=0  (320 s)
  [ 70/206] BAJA  AG   rep=26  colapso 21d05h55m (5.9 h desde el inicio)  causa=destino bloqueado  costo=2415  en plazo=94.4%  replan=5 (+0 por evento)  bloqueos=0  (10 s)
  [ 71/206] ALTA  AG   rep=5  colapso 15d15h05m (87.1 h desde el inicio)  causa=destino bloqueado  costo=126929  en plazo=99.9%  replan=87 (+0 por evento)  bloqueos=0  (234 s)
  [ 72/206] MEDIA TABU rep=2  CENSURADA en 22d00h00m (120.0 h desde el inicio)  causa=-  costo=184301  en plazo=100.0%  replan=120 (+0 por evento)  bloqueos=0  (284 s)
  [ 73/206] BAJA  AG   rep=17  CENSURADA en 23d00h00m (120.0 h desde el inicio)  causa=-  costo=130247  en plazo=100.0%  replan=119 (+0 por evento)  bloqueos=0  (255 s)
  [ 74/206] MEDIA AG   rep=19  colapso 07d20h05m (68.1 h desde el inicio)  causa=llegada tardía (planificada)  costo=93144  en plazo=99.8%  replan=68 (+0 por evento)  bloqueos=0  (159 s)
  [ 75/206] BAJA  AG   rep=1  CENSURADA en 18d00h00m (120.0 h desde el inicio)  causa=-  costo=124410  en plazo=100.0%  replan=119 (+0 por evento)  bloqueos=0  (263 s)
  [ 76/206] ALTA  TABU rep=20  colapso 12d19h42m (67.7 h desde el inicio)  causa=llegada tardía (a bordo)  costo=98462  en plazo=99.8%  replan=67 (+0 por evento)  bloqueos=0  (167 s)
  [ 77/206] BAJA  TABU rep=27  CENSURADA en 15d00h00m (120.0 h desde el inicio)  causa=-  costo=124436  en plazo=100.0%  replan=119 (+0 por evento)  bloqueos=0  (250 s)
  [ 78/206] ALTA  TABU rep=24  colapso 11d21h48m (93.8 h desde el inicio)  causa=llegada tardía (a bordo)  costo=141846  en plazo=99.9%  replan=93 (+0 por evento)  bloqueos=0  (247 s)
  [ 79/206] MEDIA AG   rep=5  colapso 09d17h02m (113.0 h desde el inicio)  causa=llegada tardía (planificada)  costo=150506  en plazo=99.9%  replan=113 (+0 por evento)  bloqueos=0  (252 s)
  [ 80/206] BAJA  AG   rep=8  CENSURADA en 17d00h00m (120.0 h desde el inicio)  causa=-  costo=149270  en plazo=100.0%  replan=119 (+0 por evento)  bloqueos=0  (276 s)
  [ 81/206] BAJA  TABU rep=4  colapso 06d06h22m (78.4 h desde el inicio)  causa=destino bloqueado  costo=86209  en plazo=99.8%  replan=78 (+0 por evento)  bloqueos=0  (174 s)
  [ 82/206] BAJA  AG   rep=9  CENSURADA en 13d00h00m (120.0 h desde el inicio)  causa=-  costo=135848  en plazo=100.0%  replan=119 (+0 por evento)  bloqueos=0  (265 s)
  [ 83/206] ALTA  TABU rep=17  colapso 05d16h19m (64.3 h desde el inicio)  causa=llegada tardía (a bordo)  costo=91305  en plazo=99.8%  replan=64 (+0 por evento)  bloqueos=0  (144 s)
  [ 84/206] ALTA  TABU rep=26  CENSURADA en 11d00h00m (120.0 h desde el inicio)  causa=-  costo=186092  en plazo=100.0%  replan=119 (+0 por evento)  bloqueos=0  (303 s)
  [ 85/206] ALTA  AG   rep=15  colapso 11d22h15m (70.3 h desde el inicio)  causa=llegada tardía (planificada)  costo=107126  en plazo=99.8%  replan=70 (+0 por evento)  bloqueos=0  (187 s)
  [ 86/206] MEDIA TABU rep=5  CENSURADA en 10d00h00m (120.0 h desde el inicio)  causa=-  costo=160044  en plazo=100.0%  replan=119 (+0 por evento)  bloqueos=0  (265 s)
  [ 87/206] BAJA  TABU rep=29  CENSURADA en 09d00h00m (120.0 h desde el inicio)  causa=-  costo=115939  en plazo=100.0%  replan=119 (+0 por evento)  bloqueos=0  (256 s)
  [ 88/206] MEDIA TABU rep=6  CENSURADA en 08d00h00m (120.0 h desde el inicio)  causa=-  costo=180162  en plazo=100.0%  replan=119 (+0 por evento)  bloqueos=0  (271 s)
  [ 89/206] BAJA  AG   rep=20  CENSURADA en 25d00h00m (120.0 h desde el inicio)  causa=-  costo=124184  en plazo=100.0%  replan=119 (+0 por evento)  bloqueos=0  (263 s)
  [ 90/206] BAJA  TABU rep=33  CENSURADA en 19d00h00m (120.0 h desde el inicio)  causa=-  costo=128308  en plazo=100.0%  replan=119 (+0 por evento)  bloqueos=0  (264 s)
  [ 91/206] BAJA  AG   rep=2  CENSURADA en 22d00h00m (120.0 h desde el inicio)  causa=-  costo=123857  en plazo=100.0%  replan=119 (+0 por evento)  bloqueos=0  (263 s)
  [ 92/206] BAJA  TABU rep=23  colapso 02d17h36m (17.6 h desde el inicio)  causa=destino bloqueado  costo=12459  en plazo=98.8%  replan=17 (+0 por evento)  bloqueos=0  (35 s)
  [ 93/206] MEDIA AG   rep=21  CENSURADA en 11d00h00m (120.0 h desde el inicio)  causa=-  costo=162911  en plazo=100.0%  replan=119 (+0 por evento)  bloqueos=0  (273 s)
  [ 94/206] BAJA  TABU rep=7  CENSURADA en 27d00h00m (120.0 h desde el inicio)  causa=-  costo=139721  en plazo=100.0%  replan=119 (+0 por evento)  bloqueos=0  (265 s)
  [ 95/206] MEDIA AG   rep=7  colapso 20d15h51m (63.9 h desde el inicio)  causa=destino bloqueado  costo=78508  en plazo=99.8%  replan=63 (+0 por evento)  bloqueos=0  (137 s)
  [ 96/206] BAJA  TABU rep=11  CENSURADA en 12d00h00m (120.0 h desde el inicio)  causa=-  costo=121660  en plazo=100.0%  replan=119 (+0 por evento)  bloqueos=0  (254 s)
  [ 97/206] MEDIA AG   rep=15  colapso 12d22h01m (22.0 h desde el inicio)  causa=destino bloqueado  costo=20335  en plazo=99.3%  replan=22 (+0 por evento)  bloqueos=0  (49 s)
  [ 98/206] MEDIA AG   rep=30  CENSURADA en 18d00h00m (120.0 h desde el inicio)  causa=-  costo=186171  en plazo=100.0%  replan=120 (+0 por evento)  bloqueos=0  (298 s)
  [ 99/206] MEDIA AG   rep=26  colapso 13d12h01m (108.0 h desde el inicio)  causa=llegada tardía (planificada)  costo=151501  en plazo=99.9%  replan=108 (+0 por evento)  bloqueos=0  (264 s)
  [100/206] ALTA  TABU rep=9  colapso 14d20h16m (92.3 h desde el inicio)  causa=llegada tardía (planificada)  costo=148635  en plazo=99.9%  replan=92 (+0 por evento)  bloqueos=0  (225 s)
  [101/206] MEDIA TABU rep=33  CENSURADA en 12d00h00m (120.0 h desde el inicio)  causa=-  costo=159816  en plazo=100.0%  replan=120 (+0 por evento)  bloqueos=0  (269 s)
  [102/206] ALTA  AG   rep=14  colapso 02d23h11m (47.2 h desde el inicio)  causa=llegada tardía (planificada)  costo=62666  en plazo=99.8%  replan=47 (+0 por evento)  bloqueos=0  (103 s)
  [103/206] ALTA  TABU rep=19  colapso 07d13h33m (37.6 h desde el inicio)  causa=llegada tardía (planificada)  costo=55393  en plazo=99.7%  replan=37 (+0 por evento)  bloqueos=0  (94 s)
  [104/206] ALTA  AG   rep=6  colapso 09d03h23m (51.4 h desde el inicio)  causa=llegada tardía (a bordo)  costo=87322  en plazo=99.8%  replan=52 (+0 por evento)  bloqueos=0  (135 s)
  [105/206] BAJA  TABU rep=12  CENSURADA en 24d00h00m (120.0 h desde el inicio)  causa=-  costo=130984  en plazo=100.0%  replan=119 (+0 por evento)  bloqueos=0  (254 s)
  [106/206] MEDIA TABU rep=28  CENSURADA en 12d00h00m (120.0 h desde el inicio)  causa=-  costo=164626  en plazo=100.0%  replan=119 (+0 por evento)  bloqueos=0  (268 s)
  [107/206] BAJA  AG   rep=16  CENSURADA en 15d00h00m (120.0 h desde el inicio)  causa=-  costo=144578  en plazo=100.0%  replan=119 (+0 por evento)  bloqueos=0  (266 s)
  [108/206] MEDIA AG   rep=33  CENSURADA en 12d00h00m (120.0 h desde el inicio)  causa=-  costo=158751  en plazo=100.0%  replan=120 (+0 por evento)  bloqueos=0  (267 s)
  [109/206] MEDIA TABU rep=18  colapso 12d22h01m (118.0 h desde el inicio)  causa=destino bloqueado  costo=163934  en plazo=99.9%  replan=118 (+0 por evento)  bloqueos=0  (272 s)
  [110/206] MEDIA TABU rep=20  CENSURADA en 06d00h00m (120.0 h desde el inicio)  causa=-  costo=165894  en plazo=100.0%  replan=119 (+0 por evento)  bloqueos=0  (268 s)
  [111/206] ALTA  AG   rep=21  colapso 14d19h23m (67.4 h desde el inicio)  causa=llegada tardía (planificada)  costo=100666  en plazo=99.8%  replan=67 (+0 por evento)  bloqueos=0  (162 s)
  [112/206] BAJA  AG   rep=35  CENSURADA en 12d00h00m (120.0 h desde el inicio)  causa=-  costo=138274  en plazo=100.0%  replan=119 (+0 por evento)  bloqueos=0  (261 s)
  [113/206] BAJA  AG   rep=4  colapso 06d06h22m (78.4 h desde el inicio)  causa=destino bloqueado  costo=85599  en plazo=99.8%  replan=78 (+0 por evento)  bloqueos=0  (176 s)
  [114/206] ALTA  TABU rep=6  colapso 09d05h39m (53.7 h desde el inicio)  causa=llegada tardía (planificada)  costo=89754  en plazo=99.8%  replan=54 (+0 por evento)  bloqueos=0  (129 s)
  [115/206] ALTA  TABU rep=23  colapso 06d04h03m (52.1 h desde el inicio)  causa=llegada tardía (planificada)  costo=71676  en plazo=99.8%  replan=52 (+0 por evento)  bloqueos=0  (117 s)
  [116/206] MEDIA AG   rep=16  CENSURADA en 07d00h00m (120.0 h desde el inicio)  causa=-  costo=170719  en plazo=100.0%  replan=119 (+0 por evento)  bloqueos=0  (274 s)
  [117/206] BAJA  AG   rep=33  CENSURADA en 19d00h00m (120.0 h desde el inicio)  causa=-  costo=126874  en plazo=100.0%  replan=119 (+0 por evento)  bloqueos=0  (262 s)
  [118/206] ALTA  TABU rep=25  colapso 15d15h05m (63.1 h desde el inicio)  causa=destino bloqueado  costo=84770  en plazo=99.8%  replan=63 (+0 por evento)  bloqueos=0  (154 s)
  [119/206] ALTA  AG   rep=8  colapso 03d14h17m (14.3 h desde el inicio)  causa=destino bloqueado  costo=10421  en plazo=98.6%  replan=14 (+0 por evento)  bloqueos=0  (29 s)
  [120/206] ALTA  TABU rep=28  colapso 06d06h38m (54.6 h desde el inicio)  causa=llegada tardía (planificada)  costo=77275  en plazo=99.8%  replan=54 (+0 por evento)  bloqueos=0  (124 s)
  [121/206] MEDIA TABU rep=16  CENSURADA en 07d00h00m (120.0 h desde el inicio)  causa=-  costo=175238  en plazo=100.0%  replan=119 (+0 por evento)  bloqueos=0  (269 s)
  [122/206] ALTA  TABU rep=16  colapso 17d15h32m (63.5 h desde el inicio)  causa=llegada tardía (planificada)  costo=92816  en plazo=99.8%  replan=63 (+0 por evento)  bloqueos=0  (147 s)
  [123/206] MEDIA TABU rep=1  CENSURADA en 19d00h00m (120.0 h desde el inicio)  causa=-  costo=162386  en plazo=100.0%  replan=119 (+0 por evento)  bloqueos=0  (263 s)
  [124/206] BAJA  TABU rep=8  CENSURADA en 17d00h00m (120.0 h desde el inicio)  causa=-  costo=149234  en plazo=100.0%  replan=119 (+0 por evento)  bloqueos=0  (269 s)
  [125/206] BAJA  AG   rep=18  CENSURADA en 11d00h00m (120.0 h desde el inicio)  causa=-  costo=116194  en plazo=100.0%  replan=119 (+0 por evento)  bloqueos=0  (253 s)
  [126/206] MEDIA TABU rep=7  colapso 20d15h51m (63.9 h desde el inicio)  causa=destino bloqueado  costo=78620  en plazo=99.8%  replan=63 (+0 por evento)  bloqueos=0  (138 s)
  [127/206] MEDIA TABU rep=3  colapso 20d15h51m (111.9 h desde el inicio)  causa=destino bloqueado  costo=144429  en plazo=99.9%  replan=111 (+0 por evento)  bloqueos=0  (241 s)
  [128/206] ALTA  TABU rep=3  colapso 06d12h46m (36.8 h desde el inicio)  causa=llegada tardía (planificada)  costo=49228  en plazo=99.7%  replan=37 (+0 por evento)  bloqueos=0  (85 s)
  [129/206] BAJA  AG   rep=34  CENSURADA en 14d00h00m (120.0 h desde el inicio)  causa=-  costo=125594  en plazo=100.0%  replan=119 (+0 por evento)  bloqueos=0  (251 s)
  [130/206] BAJA  TABU rep=32  CENSURADA en 23d00h00m (120.0 h desde el inicio)  causa=-  costo=123219  en plazo=100.0%  replan=119 (+0 por evento)  bloqueos=0  (259 s)
  [131/206] BAJA  TABU rep=5  CENSURADA en 07d00h00m (120.0 h desde el inicio)  causa=-  costo=112133  en plazo=100.0%  replan=119 (+0 por evento)  bloqueos=0  (252 s)
  [132/206] MEDIA TABU rep=8  colapso 08d12h22m (108.4 h desde el inicio)  causa=llegada tardía (a bordo)  costo=137549  en plazo=99.9%  replan=108 (+0 por evento)  bloqueos=0  (237 s)
  [133/206] BAJA  AG   rep=30  CENSURADA en 20d00h00m (120.0 h desde el inicio)  causa=-  costo=143754  en plazo=100.0%  replan=119 (+0 por evento)  bloqueos=0  (262 s)
  [134/206] BAJA  TABU rep=34  CENSURADA en 14d00h00m (120.0 h desde el inicio)  causa=-  costo=129133  en plazo=100.0%  replan=119 (+0 por evento)  bloqueos=0  (251 s)
  [135/206] BAJA  TABU rep=14  colapso 06d06h22m (30.4 h desde el inicio)  causa=destino bloqueado  costo=25148  en plazo=99.4%  replan=30 (+0 por evento)  bloqueos=0  (62 s)
  [136/206] BAJA  TABU rep=10  colapso 03d19h39m (19.7 h desde el inicio)  causa=llegada tardía (a bordo)  costo=13024  en plazo=98.9%  replan=19 (+0 por evento)  bloqueos=0  (39 s)
  [137/206] BAJA  TABU rep=13  colapso 06d06h22m (54.4 h desde el inicio)  causa=destino bloqueado  costo=56902  en plazo=99.7%  replan=54 (+0 por evento)  bloqueos=0  (120 s)
  [138/206] ALTA  AG   rep=10  CENSURADA en 19d00h00m (120.0 h desde el inicio)  causa=-  costo=191524  en plazo=100.0%  replan=119 (+0 por evento)  bloqueos=0  (303 s)
  [139/206] BAJA  AG   rep=32  CENSURADA en 23d00h00m (120.0 h desde el inicio)  causa=-  costo=114677  en plazo=100.0%  replan=119 (+0 por evento)  bloqueos=0  (256 s)
  [140/206] ALTA  TABU rep=2  colapso 12d04h15m (52.3 h desde el inicio)  causa=llegada tardía (planificada)  costo=75397  en plazo=99.8%  replan=53 (+0 por evento)  bloqueos=0  (130 s)
  [141/206] MEDIA TABU rep=15  CENSURADA en 17d00h00m (120.0 h desde el inicio)  causa=-  costo=182495  en plazo=100.0%  replan=119 (+0 por evento)  bloqueos=0  (285 s)
  [142/206] MEDIA TABU rep=22  CENSURADA en 14d00h00m (120.0 h desde el inicio)  causa=-  costo=163300  en plazo=100.0%  replan=119 (+0 por evento)  bloqueos=0  (267 s)
  [143/206] MEDIA TABU rep=10  colapso 12d22h01m (70.0 h desde el inicio)  causa=destino bloqueado  costo=90692  en plazo=99.8%  replan=70 (+0 por evento)  bloqueos=0  (160 s)
  [144/206] BAJA  AG   rep=6  CENSURADA en 28d00h00m (120.0 h desde el inicio)  causa=-  costo=139226  en plazo=100.0%  replan=120 (+0 por evento)  bloqueos=0  (265 s)
  [145/206] BAJA  TABU rep=36  colapso 08d21h01m (21.0 h desde el inicio)  causa=llegada tardía (planificada)  costo=11516  en plazo=98.8%  replan=21 (+0 por evento)  bloqueos=0  (43 s)
  [146/206] BAJA  AG   rep=5  CENSURADA en 07d00h00m (120.0 h desde el inicio)  causa=-  costo=105492  en plazo=100.0%  replan=119 (+0 por evento)  bloqueos=0  (252 s)
  [147/206] ALTA  TABU rep=22  colapso 03d14h17m (62.3 h desde el inicio)  causa=destino bloqueado  costo=88284  en plazo=99.8%  replan=62 (+0 por evento)  bloqueos=0  (148 s)
  [148/206] BAJA  TABU rep=22  colapso 14d19h50m (67.8 h desde el inicio)  causa=llegada tardía (planificada)  costo=60574  en plazo=99.8%  replan=67 (+0 por evento)  bloqueos=0  (141 s)
  [149/206] BAJA  TABU rep=25  CENSURADA en 26d00h00m (120.0 h desde el inicio)  causa=-  costo=138625  en plazo=100.0%  replan=119 (+0 por evento)  bloqueos=0  (265 s)
  [150/206] MEDIA TABU rep=32  CENSURADA en 19d00h00m (120.0 h desde el inicio)  causa=-  costo=189265  en plazo=100.0%  replan=119 (+0 por evento)  bloqueos=0  (285 s)
  [151/206] MEDIA TABU rep=26  colapso 13d12h16m (108.3 h desde el inicio)  causa=llegada tardía (planificada)  costo=151779  en plazo=99.9%  replan=108 (+0 por evento)  bloqueos=0  (253 s)
  [152/206] BAJA  AG   rep=39  colapso 18d17h22m (113.4 h desde el inicio)  causa=destino bloqueado  costo=132740  en plazo=99.9%  replan=113 (+0 por evento)  bloqueos=0  (251 s)
  [153/206] ALTA  TABU rep=27  colapso 12d18h40m (90.7 h desde el inicio)  causa=llegada tardía (planificada)  costo=145974  en plazo=99.9%  replan=90 (+0 por evento)  bloqueos=0  (238 s)
  [154/206] BAJA  TABU rep=1  CENSURADA en 18d00h00m (120.0 h desde el inicio)  causa=-  costo=127598  en plazo=100.0%  replan=119 (+0 por evento)  bloqueos=0  (260 s)
  [155/206] BAJA  AG   rep=15  CENSURADA en 10d00h00m (120.0 h desde el inicio)  causa=-  costo=114471  en plazo=100.0%  replan=119 (+0 por evento)  bloqueos=0  (255 s)
  [156/206] BAJA  AG   rep=25  CENSURADA en 26d00h00m (120.0 h desde el inicio)  causa=-  costo=134345  en plazo=100.0%  replan=119 (+0 por evento)  bloqueos=0  (265 s)
  [157/206] MEDIA AG   rep=1  CENSURADA en 19d00h00m (120.0 h desde el inicio)  causa=-  costo=160942  en plazo=100.0%  replan=119 (+0 por evento)  bloqueos=0  (265 s)
  [158/206] ALTA  TABU rep=5  CENSURADA en 17d00h00m (120.0 h desde el inicio)  causa=-  costo=187225  en plazo=100.0%  replan=119 (+0 por evento)  bloqueos=0  (293 s)
  [159/206] ALTA  AG   rep=22  colapso 03d14h17m (62.3 h desde el inicio)  causa=destino bloqueado  costo=84666  en plazo=99.8%  replan=62 (+0 por evento)  bloqueos=0  (153 s)
  [160/206] MEDIA AG   rep=25  CENSURADA en 21d00h00m (120.0 h desde el inicio)  causa=-  costo=182392  en plazo=100.0%  replan=119 (+0 por evento)  bloqueos=0  (301 s)
  [161/206] BAJA  TABU rep=6  CENSURADA en 28d00h00m (120.0 h desde el inicio)  causa=-  costo=143575  en plazo=100.0%  replan=120 (+0 por evento)  bloqueos=0  (264 s)
  [162/206] BAJA  TABU rep=39  CENSURADA en 19d00h00m (120.0 h desde el inicio)  causa=-  costo=142066  en plazo=100.0%  replan=119 (+0 por evento)  bloqueos=0  (265 s)
  [163/206] BAJA  AG   rep=14  colapso 06d06h22m (30.4 h desde el inicio)  causa=destino bloqueado  costo=24448  en plazo=99.4%  replan=30 (+0 por evento)  bloqueos=0  (62 s)
  [164/206] MEDIA AG   rep=2  CENSURADA en 22d00h00m (120.0 h desde el inicio)  causa=-  costo=182300  en plazo=100.0%  replan=120 (+0 por evento)  bloqueos=0  (294 s)
  [165/206] BAJA  AG   rep=3  CENSURADA en 22d00h00m (120.0 h desde el inicio)  causa=-  costo=131460  en plazo=100.0%  replan=120 (+0 por evento)  bloqueos=0  (258 s)
  [166/206] MEDIA TABU rep=31  colapso 07d19h49m (91.8 h desde el inicio)  causa=llegada tardía (planificada)  costo=129069  en plazo=99.9%  replan=91 (+0 por evento)  bloqueos=0  (204 s)
  [167/206] BAJA  AG   rep=12  CENSURADA en 24d00h00m (120.0 h desde el inicio)  causa=-  costo=124967  en plazo=100.0%  replan=119 (+0 por evento)  bloqueos=0  (252 s)
  [168/206] ALTA  TABU rep=4  colapso 06d20h23m (44.4 h desde el inicio)  causa=llegada tardía (planificada)  costo=59724  en plazo=99.7%  replan=45 (+0 por evento)  bloqueos=0  (107 s)
  [169/206] ALTA  TABU rep=18  colapso 11d20h42m (92.7 h desde el inicio)  causa=llegada tardía (planificada)  costo=151704  en plazo=99.9%  replan=93 (+0 por evento)  bloqueos=0  (229 s)
  [170/206] BAJA  AG   rep=38  CENSURADA en 16d00h00m (120.0 h desde el inicio)  causa=-  costo=144654  en plazo=100.0%  replan=119 (+0 por evento)  bloqueos=0  (272 s)
  [171/206] MEDIA TABU rep=14  colapso 20d15h51m (87.9 h desde el inicio)  causa=destino bloqueado  costo=112494  en plazo=99.9%  replan=87 (+0 por evento)  bloqueos=0  (189 s)
  [172/206] BAJA  AG   rep=36  CENSURADA en 13d00h00m (120.0 h desde el inicio)  causa=-  costo=118997  en plazo=100.0%  replan=119 (+0 por evento)  bloqueos=0  (251 s)
  [173/206] BAJA  TABU rep=18  CENSURADA en 11d00h00m (120.0 h desde el inicio)  causa=-  costo=120495  en plazo=100.0%  replan=119 (+0 por evento)  bloqueos=0  (257 s)
  [174/206] MEDIA AG   rep=18  colapso 12d22h01m (118.0 h desde el inicio)  causa=destino bloqueado  costo=160573  en plazo=99.9%  replan=118 (+0 por evento)  bloqueos=0  (269 s)
  [175/206] MEDIA TABU rep=24  CENSURADA en 17d00h00m (120.0 h desde el inicio)  causa=-  costo=178355  en plazo=100.0%  replan=119 (+0 por evento)  bloqueos=0  (279 s)
  [176/206] ALTA  TABU rep=15  colapso 11d11h43m (59.7 h desde el inicio)  causa=llegada tardía (a bordo)  costo=86650  en plazo=99.8%  replan=59 (+0 por evento)  bloqueos=0  (144 s)
  [177/206] ALTA  TABU rep=13  colapso 11d04h59m (101.0 h desde el inicio)  causa=llegada tardía (a bordo)  costo=146500  en plazo=99.9%  replan=100 (+0 por evento)  bloqueos=0  (255 s)
  [178/206] ALTA  AG   rep=19  colapso 07d16h21m (40.4 h desde el inicio)  causa=llegada tardía (planificada)  costo=64950  en plazo=99.7%  replan=40 (+0 por evento)  bloqueos=0  (109 s)
  [179/206] BAJA  TABU rep=3  colapso 21d05h55m (101.9 h desde el inicio)  causa=destino bloqueado  costo=112752  en plazo=99.9%  replan=102 (+0 por evento)  bloqueos=0  (221 s)
  [180/206] BAJA  TABU rep=31  colapso 06d06h22m (6.4 h desde el inicio)  causa=destino bloqueado  costo=3130  en plazo=94.7%  replan=6 (+0 por evento)  bloqueos=0  (12 s)
  [181/206] MEDIA AG   rep=29  CENSURADA en 18d00h00m (120.0 h desde el inicio)  causa=-  costo=173821  en plazo=100.0%  replan=120 (+0 por evento)  bloqueos=0  (282 s)
  [182/206] BAJA  AG   rep=31  colapso 06d06h22m (6.4 h desde el inicio)  causa=destino bloqueado  costo=2634  en plazo=93.8%  replan=6 (+0 por evento)  bloqueos=0  (12 s)
  [183/206] ALTA  AG   rep=12  colapso 03d03h22m (27.4 h desde el inicio)  causa=destino bloqueado  costo=26086  en plazo=99.5%  replan=28 (+0 por evento)  bloqueos=0  (60 s)
  [184/206] ALTA  AG   rep=17  colapso 05d05h26m (53.4 h desde el inicio)  causa=llegada tardía (planificada)  costo=63891  en plazo=99.8%  replan=53 (+0 por evento)  bloqueos=0  (116 s)
  [185/206] MEDIA TABU rep=13  CENSURADA en 16d00h00m (120.0 h desde el inicio)  causa=-  costo=167643  en plazo=100.0%  replan=119 (+0 por evento)  bloqueos=0  (272 s)
  [186/206] MEDIA TABU rep=35  colapso 18d11h24m (83.4 h desde el inicio)  causa=llegada tardía (a bordo)  costo=129607  en plazo=99.9%  replan=83 (+0 por evento)  bloqueos=0  (198 s)
  [187/206] MEDIA AG   rep=24  CENSURADA en 17d00h00m (120.0 h desde el inicio)  causa=-  costo=175909  en plazo=100.0%  replan=119 (+0 por evento)  bloqueos=0  (283 s)
  [188/206] MEDIA TABU rep=11  CENSURADA en 11d00h00m (120.0 h desde el inicio)  causa=-  costo=164190  en plazo=100.0%  replan=119 (+0 por evento)  bloqueos=0  (266 s)
  [189/206] MEDIA AG   rep=9  CENSURADA en 07d00h00m (120.0 h desde el inicio)  causa=-  costo=151990  en plazo=100.0%  replan=119 (+0 por evento)  bloqueos=0  (263 s)
  [190/206] MEDIA AG   rep=28  CENSURADA en 12d00h00m (120.0 h desde el inicio)  causa=-  costo=164285  en plazo=100.0%  replan=119 (+0 por evento)  bloqueos=0  (270 s)
  [191/206] MEDIA AG   rep=10  colapso 13d12h01m (84.0 h desde el inicio)  causa=llegada tardía (planificada)  costo=116196  en plazo=99.9%  replan=84 (+0 por evento)  bloqueos=0  (203 s)
  [192/206] BAJA  TABU rep=38  CENSURADA en 16d00h00m (120.0 h desde el inicio)  causa=-  costo=149159  en plazo=100.0%  replan=119 (+0 por evento)  bloqueos=0  (270 s)
  [193/206] BAJA  TABU rep=28  CENSURADA en 06d00h00m (120.0 h desde el inicio)  causa=-  costo=113643  en plazo=100.0%  replan=119 (+0 por evento)  bloqueos=0  (254 s)
  [194/206] MEDIA AG   rep=13  CENSURADA en 16d00h00m (120.0 h desde el inicio)  causa=-  costo=168572  en plazo=100.0%  replan=119 (+0 por evento)  bloqueos=0  (269 s)
  [195/206] BAJA  AG   rep=19  CENSURADA en 27d00h00m (120.0 h desde el inicio)  causa=-  costo=130981  en plazo=100.0%  replan=119 (+0 por evento)  bloqueos=0  (259 s)
  [196/206] ALTA  AG   rep=27  colapso 12d19h59m (92.0 h desde el inicio)  causa=llegada tardía (planificada)  costo=149489  en plazo=99.9%  replan=91 (+0 por evento)  bloqueos=0  (257 s)
  [197/206] BAJA  TABU rep=9  colapso 11d21h46m (93.8 h desde el inicio)  causa=llegada tardía (a bordo)  costo=104940  en plazo=99.8%  replan=93 (+0 por evento)  bloqueos=0  (207 s)
  [198/206] BAJA  TABU rep=17  CENSURADA en 23d00h00m (120.0 h desde el inicio)  causa=-  costo=130066  en plazo=100.0%  replan=119 (+0 por evento)  bloqueos=0  (255 s)
  [199/206] ALTA  AG   rep=2  colapso 11d18h06m (42.1 h desde el inicio)  causa=llegada tardía (a bordo)  costo=53041  en plazo=99.7%  replan=43 (+0 por evento)  bloqueos=0  (107 s)
  [200/206] MEDIA AG   rep=20  CENSURADA en 06d00h00m (120.0 h desde el inicio)  causa=-  costo=162012  en plazo=100.0%  replan=119 (+0 por evento)  bloqueos=0  (269 s)
  [201/206] ALTA  AG   rep=3  colapso 07d03h57m (52.0 h desde el inicio)  causa=llegada tardía (a bordo)  costo=81105  en plazo=99.8%  replan=52 (+0 por evento)  bloqueos=0  (131 s)
  [202/206] MEDIA TABU rep=21  colapso 09d05h32m (77.5 h desde el inicio)  causa=llegada tardía (a bordo)  costo=106875  en plazo=99.8%  replan=77 (+0 por evento)  bloqueos=0  (172 s)
  [203/206] MEDIA TABU rep=4  colapso 11d21h04m (93.1 h desde el inicio)  causa=llegada tardía (planificada)  costo=115990  en plazo=99.9%  replan=93 (+0 por evento)  bloqueos=0  (206 s)
  [204/206] BAJA  AG   rep=22  CENSURADA en 17d00h00m (120.0 h desde el inicio)  causa=-  costo=115226  en plazo=100.0%  replan=119 (+0 por evento)  bloqueos=0  (249 s)
  [205/206] BAJA  TABU rep=30  colapso 18d03h22m (75.4 h desde el inicio)  causa=llegada tardía (a bordo)  costo=85770  en plazo=99.8%  replan=75 (+0 por evento)  bloqueos=0  (164 s)
  [206/206] ALTA  AG   rep=20  colapso 12d20h05m (68.1 h desde el inicio)  causa=llegada tardía (planificada)  costo=97367  en plazo=99.8%  replan=68 (+0 por evento)  bloqueos=0  (173 s)

=== Resumen por combinación ===
Combinación   n  colapso (h) censuradas    costo medio    % plazo
MEDIA AG     35       301.70         21         141277      99.9%
BAJA AG      40       361.19         31         107642      99.6%
ALTA AG      28       223.14          5          97511      99.8%
ALTA TABU    28       224.74          4         100298      99.8%
BAJA TABU    40       356.91         28         105717      99.6%
MEDIA TABU   35       303.74         20         146364      99.9%

Resultados guardados en: C:\Users\MARIA GRACIA\Downloads\JL\DP1\PaqRap\PaqRap\Resultados\corrida2_semilla2000\experimento_oficial_SIM_5D.csv
